Product: MDK-ARM Standard 5.10
Component: ARM Compiler 5.04 update 1 (build 49)
Tool: armlink [5040049]

==============================================================================

Section Cross References

    stm32f0xx_it.o(.text) refers to delay.o(.text) for TimingDelay_Decrement()
    stm32f0xx_it.o(.text) refers to serial.o(.data) for USART1_usartRxTimer
    stm32f0xx_it.o(.ARM.exidx) refers to stm32f0xx_it.o(.text) for .text
    startup_stm32f0xx.o(STACK) refers (Special) to heapauxi.o(.text) for __use_two_region_memory
    startup_stm32f0xx.o(HEAP) refers (Special) to heapauxi.o(.text) for __use_two_region_memory
    startup_stm32f0xx.o(RESET) refers (Special) to heapauxi.o(.text) for __use_two_region_memory
    startup_stm32f0xx.o(RESET) refers to startup_stm32f0xx.o(STACK) for __initial_sp
    startup_stm32f0xx.o(RESET) refers to startup_stm32f0xx.o(.text) for Reset_Handler
    startup_stm32f0xx.o(RESET) refers to stm32f0xx_it.o(.text) for NMI_Handler
    startup_stm32f0xx.o(RESET) refers to digital.o(.text) for EXTI0_1_IRQHandler
    startup_stm32f0xx.o(RESET) refers to touch.o(.text) for TS_IRQHandler
    startup_stm32f0xx.o(RESET) refers to timer.o(.text) for TIM1_BRK_UP_TRG_COM_IRQHandler
    startup_stm32f0xx.o(RESET) refers to i2c.o(.text) for I2C1_IRQHandler
    startup_stm32f0xx.o(RESET) refers to serial.o(.text) for USART1_IRQHandler
    startup_stm32f0xx.o(.text) refers (Special) to heapauxi.o(.text) for __use_two_region_memory
    startup_stm32f0xx.o(.text) refers to system_stm32f0xx.o(.text) for SystemInit
    startup_stm32f0xx.o(.text) refers to __main.o(!!!main) for __main
    startup_stm32f0xx.o(.text) refers to startup_stm32f0xx.o(HEAP) for Heap_Mem
    startup_stm32f0xx.o(.text) refers to startup_stm32f0xx.o(STACK) for Stack_Mem
    system_stm32f0xx.o(.text) refers to aeabi_sdiv.o(.text) for __aeabi_uidivmod
    system_stm32f0xx.o(.text) refers to system_stm32f0xx.o(.data) for SystemCoreClock
    system_stm32f0xx.o(.ARM.exidx) refers to system_stm32f0xx.o(.text) for .text
    stm32f0xx_adc.o(.text) refers to stm32f0xx_rcc.o(.text) for RCC_APB2PeriphResetCmd
    stm32f0xx_adc.o(.ARM.exidx) refers to stm32f0xx_adc.o(.text) for .text
    stm32f0xx_cec.o(.text) refers to stm32f0xx_rcc.o(.text) for RCC_APB1PeriphResetCmd
    stm32f0xx_cec.o(.ARM.exidx) refers to stm32f0xx_cec.o(.text) for .text
    stm32f0xx_comp.o(.ARM.exidx) refers to stm32f0xx_comp.o(.text) for .text
    stm32f0xx_crc.o(.ARM.exidx) refers to stm32f0xx_crc.o(.text) for .text
    stm32f0xx_dac.o(.text) refers to stm32f0xx_rcc.o(.text) for RCC_APB1PeriphResetCmd
    stm32f0xx_dac.o(.ARM.exidx) refers to stm32f0xx_dac.o(.text) for .text
    stm32f0xx_dbgmcu.o(.ARM.exidx) refers to stm32f0xx_dbgmcu.o(.text) for .text
    stm32f0xx_dma.o(.ARM.exidx) refers to stm32f0xx_dma.o(.text) for .text
    stm32f0xx_exti.o(.ARM.exidx) refers to stm32f0xx_exti.o(.text) for .text
    stm32f0xx_flash.o(.ARM.exidx) refers to stm32f0xx_flash.o(.text) for .text
    stm32f0xx_gpio.o(.text) refers to stm32f0xx_rcc.o(.text) for RCC_AHBPeriphResetCmd
    stm32f0xx_gpio.o(.ARM.exidx) refers to stm32f0xx_gpio.o(.text) for .text
    stm32f0xx_i2c.o(.text) refers to stm32f0xx_rcc.o(.text) for RCC_APB1PeriphResetCmd
    stm32f0xx_i2c.o(.ARM.exidx) refers to stm32f0xx_i2c.o(.text) for .text
    stm32f0xx_iwdg.o(.ARM.exidx) refers to stm32f0xx_iwdg.o(.text) for .text
    stm32f0xx_misc.o(.ARM.exidx) refers to stm32f0xx_misc.o(.text) for .text
    stm32f0xx_pwr.o(.text) refers to stm32f0xx_rcc.o(.text) for RCC_APB1PeriphResetCmd
    stm32f0xx_pwr.o(.ARM.exidx) refers to stm32f0xx_pwr.o(.text) for .text
    stm32f0xx_rcc.o(.text) refers to aeabi_sdiv.o(.text) for __aeabi_uidivmod
    stm32f0xx_rcc.o(.text) refers to stm32f0xx_rcc.o(.data) for APBAHBPrescTable
    stm32f0xx_rcc.o(.ARM.exidx) refers to stm32f0xx_rcc.o(.text) for .text
    stm32f0xx_rtc.o(.ARM.exidx) refers to stm32f0xx_rtc.o(.text) for .text
    stm32f0xx_spi.o(.text) refers to stm32f0xx_rcc.o(.text) for RCC_APB2PeriphResetCmd
    stm32f0xx_spi.o(.text) refers to aeabi_sdiv.o(.text) for __aeabi_uidivmod
    stm32f0xx_spi.o(.ARM.exidx) refers to stm32f0xx_spi.o(.text) for .text
    stm32f0xx_syscfg.o(.ARM.exidx) refers to stm32f0xx_syscfg.o(.text) for .text
    stm32f0xx_tim.o(.text) refers to stm32f0xx_rcc.o(.text) for RCC_APB2PeriphResetCmd
    stm32f0xx_tim.o(.ARM.exidx) refers to stm32f0xx_tim.o(.text) for .text
    stm32f0xx_usart.o(.text) refers to stm32f0xx_rcc.o(.text) for RCC_APB2PeriphResetCmd
    stm32f0xx_usart.o(.text) refers to aeabi_sdiv.o(.text) for __aeabi_uidivmod
    stm32f0xx_usart.o(.ARM.exidx) refers to stm32f0xx_usart.o(.text) for .text
    stm32f0xx_wwdg.o(.text) refers to stm32f0xx_rcc.o(.text) for RCC_APB1PeriphResetCmd
    stm32f0xx_wwdg.o(.ARM.exidx) refers to stm32f0xx_wwdg.o(.text) for .text
    systick.o(.text) refers to aeabi_sdiv.o(.text) for __aeabi_uidivmod
    systick.o(.text) refers to system_stm32f0xx.o(.data) for SystemCoreClock
[...]
    lib\\STM32F0\\src\\stm32f0xx_crc.c       0x00000000   Number         0  stm32f0xx_crc.o ABSOLUTE
    lib\\STM32F0\\src\\stm32f0xx_dac.c       0x00000000   Number         0  stm32f0xx_dac.o ABSOLUTE
    lib\\STM32F0\\src\\stm32f0xx_dbgmcu.c    0x00000000   Number         0  stm32f0xx_dbgmcu.o ABSOLUTE
    lib\\STM32F0\\src\\stm32f0xx_dma.c       0x00000000   Number         0  stm32f0xx_dma.o ABSOLUTE
    lib\\STM32F0\\src\\stm32f0xx_exti.c      0x00000000   Number         0  stm32f0xx_exti.o ABSOLUTE
    lib\\STM32F0\\src\\stm32f0xx_flash.c     0x00000000   Number         0  stm32f0xx_flash.o ABSOLUTE
    lib\\STM32F0\\src\\stm32f0xx_gpio.c      0x00000000   Number         0  stm32f0xx_gpio.o ABSOLUTE
    lib\\STM32F0\\src\\stm32f0xx_i2c.c       0x00000000   Number         0  stm32f0xx_i2c.o ABSOLUTE
    lib\\STM32F0\\src\\stm32f0xx_iwdg.c      0x00000000   Number         0  stm32f0xx_iwdg.o ABSOLUTE
    lib\\STM32F0\\src\\stm32f0xx_misc.c      0x00000000   Number         0  stm32f0xx_misc.o ABSOLUTE
    lib\\STM32F0\\src\\stm32f0xx_pwr.c       0x00000000   Number         0  stm32f0xx_pwr.o ABSOLUTE
    lib\\STM32F0\\src\\stm32f0xx_rcc.c       0x00000000   Number         0  stm32f0xx_rcc.o ABSOLUTE
    lib\\STM32F0\\src\\stm32f0xx_rtc.c       0x00000000   Number         0  stm32f0xx_rtc.o ABSOLUTE
    lib\\STM32F0\\src\\stm32f0xx_spi.c       0x00000000   Number         0  stm32f0xx_spi.o ABSOLUTE
    lib\\STM32F0\\src\\stm32f0xx_syscfg.c    0x00000000   Number         0  stm32f0xx_syscfg.o ABSOLUTE
    lib\\STM32F0\\src\\stm32f0xx_tim.c       0x00000000   Number         0  stm32f0xx_tim.o ABSOLUTE
    lib\\STM32F0\\src\\stm32f0xx_usart.c     0x00000000   Number         0  stm32f0xx_usart.o ABSOLUTE
    lib\\STM32F0\\src\\stm32f0xx_wwdg.c      0x00000000   Number         0  stm32f0xx_wwdg.o ABSOLUTE
    src\\main.c                              0x00000000   Number         0  main.o ABSOLUTE
    src\\stm32f0xx_it.c                      0x00000000   Number         0  stm32f0xx_it.o ABSOLUTE
    src\main.c                               0x00000000   Number         0  main.o ABSOLUTE
    src\stm32f0xx_it.c                       0x00000000   Number         0  stm32f0xx_it.o ABSOLUTE
    RESET                                    0x08000000   Section      192  startup_stm32f0xx.o(RESET)
    !!!main                                  0x080000c0   Section        8  __main.o(!!!main)
    !!!scatter                               0x080000c8   Section       60  __scatter.o(!!!scatter)
    !!handler_zi                             0x08000104   Section       28  __scatter_zi.o(!!handler_zi)
    .ARM.Collect$$libinit$$00000000          0x08000120   Section        2  libinit.o(.ARM.Collect$$libinit$$00000000)
    .ARM.Collect$$libinit$$00000001          0x08000122   Section        4  libinit2.o(.ARM.Collect$$libinit$$00000001)
    .ARM.Collect$$libinit$$00000008          0x08000126   Section        0  libinit2.o(.ARM.Collect$$libinit$$00000008)
    .ARM.Collect$$libinit$$0000000A          0x08000126   Section        0  libinit2.o(.ARM.Collect$$libinit$$0000000A)
    .ARM.Collect$$libinit$$0000000C          0x08000126   Section        0  libinit2.o(.ARM.Collect$$libinit$$0000000C)
    .ARM.Collect$$libinit$$0000000F          0x08000126   Section        0  libinit2.o(.ARM.Collect$$libinit$$0000000F)
    .ARM.Collect$$libinit$$00000011          0x08000126   Section        0  libinit2.o(.ARM.Collect$$libinit$$00000011)
    .ARM.Collect$$libinit$$00000013          0x08000126   Section        0  libinit2.o(.ARM.Collect$$libinit$$00000013)
    .ARM.Collect$$libinit$$00000015          0x08000126   Section        0  libinit2.o(.ARM.Collect$$libinit$$00000015)
    .ARM.Collect$$libinit$$00000017          0x08000126   Section        0  libinit2.o(.ARM.Collect$$libinit$$00000017)
    .ARM.Collect$$libinit$$00000019          0x08000126   Section        0  libinit2.o(.ARM.Collect$$libinit$$00000019)
    .ARM.Collect$$libinit$$0000001B          0x08000126   Section        0  libinit2.o(.ARM.Collect$$libinit$$0000001B)
    .ARM.Collect$$libinit$$0000001D          0x08000126   Section        0  libinit2.o(.ARM.Collect$$libinit$$0000001D)
    .ARM.Collect$$libinit$$0000001F          0x08000126   Section        0  libinit2.o(.ARM.Collect$$libinit$$0000001F)
    .ARM.Collect$$libinit$$00000021          0x08000126   Section        0  libinit2.o(.ARM.Collect$$libinit$$00000021)
    .ARM.Collect$$libinit$$00000023          0x08000126   Section        0  libinit2.o(.ARM.Collect$$libinit$$00000023)
    .ARM.Collect$$libinit$$0000002A          0x08000126   Section        0  libinit2.o(.ARM.Collect$$libinit$$0000002A)
    .ARM.Collect$$libinit$$0000002C          0x08000126   Section        0  libinit2.o(.ARM.Collect$$libinit$$0000002C)
    .ARM.Collect$$libinit$$0000002E          0x08000126   Section        0  libinit2.o(.ARM.Collect$$libinit$$0000002E)
    .ARM.Collect$$libinit$$0000002F          0x08000126   Section        4  libinit2.o(.ARM.Collect$$libinit$$0000002F)
    .ARM.Collect$$libinit$$00000030          0x0800012a   Section        0  libinit2.o(.ARM.Collect$$libinit$$00000030)
    .ARM.Collect$$libinit$$00000031          0x0800012a   Section        2  libinit2.o(.ARM.Collect$$libinit$$00000031)
    .ARM.Collect$$libshutdown$$00000000      0x0800012c   Section        2  libshutdown.o(.ARM.Collect$$libshutdown$$00000000)
    .ARM.Collect$$libshutdown$$00000003      0x0800012e   Section        0  libshutdown2.o(.ARM.Collect$$libshutdown$$00000003)
    .ARM.Collect$$libshutdown$$00000006      0x0800012e   Section        0  libshutdown2.o(.ARM.Collect$$libshutdown$$00000006)
    .ARM.Collect$$libshutdown$$00000009      0x0800012e   Section        0  libshutdown2.o(.ARM.Collect$$libshutdown$$00000009)
    .ARM.Collect$$libshutdown$$0000000B      0x0800012e   Section        0  libshutdown2.o(.ARM.Collect$$libshutdown$$0000000B)
    .ARM.Collect$$libshutdown$$0000000E      0x0800012e   Section        0  libshutdown2.o(.ARM.Collect$$libshutdown$$0000000E)
    .ARM.Collect$$libshutdown$$0000000F      0x0800012e   Section        2  libshutdown2.o(.ARM.Collect$$libshutdown$$0000000F)
    .ARM.Collect$$rtentry$$00000000          0x08000130   Section        0  rtentry.o(.ARM.Collect$$rtentry$$00000000)
    .ARM.Collect$$rtentry$$00000002          0x08000130   Section        0  rtentry2.o(.ARM.Collect$$rtentry$$00000002)
    .ARM.Collect$$rtentry$$00000004          0x08000130   Section        6  rtentry4.o(.ARM.Collect$$rtentry$$00000004)
    .ARM.Collect$$rtentry$$00000009          0x08000136   Section        0  rtentry2.o(.ARM.Collect$$rtentry$$00000009)
    .ARM.Collect$$rtentry$$0000000A          0x08000136   Section        4  rtentry2.o(.ARM.Collect$$rtentry$$0000000A)
    .ARM.Collect$$rtentry$$0000000C          0x0800013a   Section        0  rtentry2.o(.ARM.Collect$$rtentry$$0000000C)
    .ARM.Collect$$rtentry$$0000000D          0x0800013a   Section        8  rtentry2.o(.ARM.Collect$$rtentry$$0000000D)
    .ARM.Collect$$rtexit$$00000000           0x08000142   Section        2  rtexit.o(.ARM.Collect$$rtexit$$00000000)
    .ARM.Collect$$rtexit$$00000002           0x08000144   Section        0  rtexit2.o(.ARM.Collect$$rtexit$$00000002)
    .ARM.Collect$$rtexit$$00000003           0x08000144   Section        4  rtexit2.o(.ARM.Collect$$rtexit$$00000003)
    .ARM.Collect$$rtexit$$00000004           0x08000148   Section        6  rtexit2.o(.ARM.Collect$$rtexit$$00000004)
    .text                                    0x08000150   Section        0  stm32f0xx_it.o(.text)
    .text                                    0x08000190   Section       56  startup_stm32f0xx.o(.text)
    .text                                    0x080001c8   Section        0  system_stm32f0xx.o(.text)
    SetSysClock()                            0x080001c9   Thumb Code   118  system_stm32f0xx.o(.text)
    .text                                    0x08000368   Section        0  stm32f0xx_exti.o(.text)
    .text                                    0x08000470   Section        0  stm32f0xx_gpio.o(.text)
    .text                                    0x08000660   Section        0  stm32f0xx_i2c.o(.text)
    .text                                    0x08000b00   Section        0  stm32f0xx_misc.o(.text)
    .text                                    0x08000bb4   Section        0  stm32f0xx_pwr.o(.text)
    .text                                    0x08000cf0   Section        0  stm32f0xx_rcc.o(.text)
    .text                                    0x080012e8   Section        0  stm32f0xx_syscfg.o(.text)
    .text                                    0x080013d8   Section        0  stm32f0xx_tim.o(.text)
    TI4_Config(TIM_TypeDef*, unsigned short, unsigned short, unsigned short) 0x08001b19   Thumb Code    66  stm32f0xx_tim.o(.text)
    TI3_Config(TIM_TypeDef*, unsigned short, unsigned short, unsigned short) 0x08001b6d   Thumb Code    66  stm32f0xx_tim.o(.text)
    TI2_Config(TIM_TypeDef*, unsigned short, unsigned short, unsigned short) 0x08001bc3   Thumb Code   118  stm32f0xx_tim.o(.text)
    TI1_Config(TIM_TypeDef*, unsigned short, unsigned short, unsigned short) 0x08001c49   Thumb Code    54  stm32f0xx_tim.o(.text)
    .text                                    0x08001fa4   Section        0  stm32f0xx_usart.o(.text)
    .text                                    0x080024f0   Section        0  systick.o(.text)
    NVIC_SetPriority(IRQn, unsigned)         0x08002527   Thumb Code   110  systick.o(.text)
    .text                                    0x080025a8   Section        0  delay.o(.text)
    .text                                    0x080025d4   Section        0  digital.o(.text)
    .text                                    0x08002c1c   Section        0  timer.o(.text)
    .text                                    0x08003a3c   Section        0  serial.o(.text)
    .text                                    0x0800426c   Section        0  i2c.o(.text)
    .text                                    0x0800475c   Section        0  touch.o(.text)
    NVIC_SetPriority(IRQn, unsigned)         0x08004c1b   Thumb Code   110  touch.o(.text)
    .text                                    0x08004ca8   Section        0  power.o(.text)
    .text                                    0x08004cf4   Section        0  main.o(.text)
    __sti___6_main_c_power                   0x08004d3b   Thumb Code    20  main.o(.text)
    .text                                    0x08004d5c   Section      346  aeabi_sdiv.o(.text)
    .text                                    0x08004eb6   Section        0  heapauxi.o(.text)
    .text                                    0x08004ebc   Section        0  init_aeabi.o(.text)
    .text                                    0x08004ee0   Section        0  dflti.o(.text)
    .text                                    0x08004f38   Section        0  dmul.o(.text)
    .text                                    0x080051a0   Section        0  fdiv.o(.text)
    .text                                    0x08005300   Section        0  ffixi.o(.text)
    .text                                    0x0800534c   Section        0  fflti.o(.text)
    .text                                    0x080053ac   Section        0  dcmpin.o(.text)
    .text                                    0x0800543c   Section        0  fcmpin.o(.text)
    .text                                    0x080054a0   Section        0  cmpret.o(.text)
    .text                                    0x080054d0   Section        0  dnan2.o(.text)
    .text                                    0x080054e4   Section        0  fnan2.o(.text)
    .text                                    0x080054f4   Section       62  sys_stackheap_outer.o(.text)
    .text                                    0x08005532   Section        0  exit.o(.text)
    .text                                    0x0800553e   Section        0  retnan.o(.text)
    .text                                    0x0800559c   Section        8  libspace.o(.text)
    .text                                    0x080055a4   Section        0  sys_exit.o(.text)
    .text                                    0x080055b0   Section        2  use_no_semi.o(.text)
    .text                                    0x080055b2   Section        0  __dclz77c.o(.text)
    .text                                    0x080055b2   Section        0  indicate_semi.o(.text)
    x$fpl$dleqf                              0x08005614   Section      100  dlef.o(x$fpl$dleqf)
    x$fpl$fadd                               0x08005678   Section      140  faddsub.o(x$fpl$fadd)
    _fadd1                                   0x08005685   Thumb Code     0  faddsub.o(x$fpl$fadd)
    x$fpl$fleqf                              0x08005704   Section       84  flef.o(x$fpl$fleqf)
    x$fpl$fmul                               0x08005758   Section      176  fmul.o(x$fpl$fmul)
    x$fpl$frleqf                             0x08005808   Section       88  frlef.o(x$fpl$frleqf)
    x$fpl$fsub                               0x08005860   Section      208  faddsub.o(x$fpl$fsub)
    _fsub1                                   0x0800586d   Thumb Code     0  faddsub.o(x$fpl$fsub)
    .constdata                               0x08005930   Section       64  fdiv.o(.constdata)
    x$fpl$usenofp                            0x08005930   Section        0  usenofp.o(x$fpl$usenofp)
    fdiv_tab                                 0x08005930   Data          64  fdiv.o(.constdata)
    .init_array                              0x08005990   Section        4  main.o(.init_array)
    .init_array                              0x08005994   Section        0  init_aeabi.o(.init_array)
    .data                                    0x20000000   Section       20  system_stm32f0xx.o(.data)
    .data                                    0x20000014   Section       16  stm32f0xx_rcc.o(.data)
    APBAHBPrescTable                         0x20000014   Data          16  stm32f0xx_rcc.o(.data)
    .data                                    0x20000024   Section      772  common.o(.data)
    .data                                    0x20000328   Section        4  delay.o(.data)
    timingDelay                              0x20000328   Data           4  delay.o(.data)
    .data                                    0x2000032c   Section        8  timer.o(.data)
    .data                                    0x20000334   Section       32  serial.o(.data)
    .data                                    0x20000354   Section        4  i2c.o(.data)
    .data                                    0x20000358   Section        3  touch.o(.data)
    .data                                    0x2000035b   Section        1  main.o(.data)
    .bss                                     0x2000035c   Section       80  digital.o(.bss)
    .bss                                     0x200003ac   Section      120  timer.o(.bss)
    .bss                                     0x20000424   Section     1024  serial.o(.bss)
    .bss                                     0x20000824   Section      128  i2c.o(.bss)
    .bss                                     0x200008a4   Section       24  touch.o(.bss)
    .bss                                     0x200008bc   Section       12  main.o(.bss)
    .bss                                     0x200008c8   Section       96  libspace.o(.bss)
    HEAP                                     0x20000928   Section      512  startup_stm32f0xx.o(HEAP)
    Heap_Mem                                 0x20000928   Data         512  startup_stm32f0xx.o(HEAP)
    STACK                                    0x20000b28   Section     1024  startup_stm32f0xx.o(STACK)
    Stack_Mem                                0x20000b28   Data        1024  startup_stm32f0xx.o(STACK)
    __initial_sp                             0x20000f28   Data           0  startup_stm32f0xx.o(STACK)

    Global Symbols

    Symbol Name                              Value     Ov Type        Size  Object(Section)

    BuildAttributes$$THM_ISAv3M$S$PE$A:L22$X:L11$S22$IEEE1$IW$USESV6$~STKCKD$USESV7$~SHL$OSPACE$ROPI$EBA8$UX$STANDARDLIB$REQ8$PRES8$EABIv2 0x00000000   Number         0  anon$$obj.o ABSOLUTE
    __ARM_use_no_argv                        0x00000000   Number         0  main.o ABSOLUTE
    __ARM_exceptions_init                     - Undefined Weak Reference
    __alloca_initialize                       - Undefined Weak Reference
    __cxa_finalize                            - Undefined Weak Reference
    __rt_locale                               - Undefined Weak Reference
    __sigvec_lookup                           - Undefined Weak Reference
    _atexit_init                              - Undefined Weak Reference
    _call_atexit_fns                          - Undefined Weak Reference
    _clock_init                               - Undefined Weak Reference
    _fp_trap_init                             - Undefined Weak Reference
    _fp_trap_shutdown                         - Undefined Weak Reference
    _get_lc_collate                           - Undefined Weak Reference
    _get_lc_ctype                             - Undefined Weak Reference
    _get_lc_monetary                          - Undefined Weak Reference
    _get_lc_numeric                           - Undefined Weak Reference
    _get_lc_time                              - Undefined Weak Reference
    _getenv_init                              - Undefined Weak Reference
    _handle_redirection                       - Undefined Weak Reference
    _init_alloc                               - Undefined Weak Reference
    _init_user_alloc                          - Undefined Weak Reference
    _initio                                   - Undefined Weak Reference
    _rand_init                                - Undefined Weak Reference
    _signal_finish                            - Undefined Weak Reference
    _signal_init                              - Undefined Weak Reference
    _terminate_alloc                          - Undefined Weak Reference
    _terminate_user_alloc                     - Undefined Weak Reference
    _terminateio                              - Undefined Weak Reference
    __Vectors_Size                           0x000000c0   Number         0  startup_stm32f0xx.o ABSOLUTE
    __Vectors                                0x08000000   Data           4  startup_stm32f0xx.o(RESET)
    __Vectors_End                            0x080000c0   Data           0  startup_stm32f0xx.o(RESET)
    __main                                   0x080000c1   Thumb Code     8  __main.o(!!!main)
    __scatterload                            0x080000c9   Thumb Code     0  __scatter.o(!!!scatter)
    __scatterload_rt2                        0x080000c9   Thumb Code    52  __scatter.o(!!!scatter)
    __scatterload_rt2_thumb_only             0x080000c9   Thumb Code     0  __scatter.o(!!!scatter)
    __scatterload_null                       0x080000d9   Thumb Code     0  __scatter.o(!!!scatter)
    __scatterload_zeroinit                   0x08000105   Thumb Code    28  __scatter_zi.o(!!handler_zi)
    __rt_lib_init                            0x08000121   Thumb Code     0  libinit.o(.ARM.Collect$$libinit$$00000000)
    __rt_lib_init_fp_1                       0x08000123   Thumb Code     0  libinit2.o(.ARM.Collect$$libinit$$00000001)
    __rt_lib_init_alloca_1                   0x08000127   Thumb Code     0  libinit2.o(.ARM.Collect$$libinit$$0000002C)
    __rt_lib_init_argv_1                     0x08000127   Thumb Code     0  libinit2.o(.ARM.Collect$$libinit$$0000002A)
    __rt_lib_init_atexit_1                   0x08000127   Thumb Code     0  libinit2.o(.ARM.Collect$$libinit$$00000019)
    __rt_lib_init_clock_1                    0x08000127   Thumb Code     0  libinit2.o(.ARM.Collect$$libinit$$0000001F)
    __rt_lib_init_cpp_2                      0x08000127   Thumb Code     0  libinit2.o(.ARM.Collect$$libinit$$0000002F)
    __rt_lib_init_exceptions_1               0x08000127   Thumb Code     0  libinit2.o(.ARM.Collect$$libinit$$0000002E)
    __rt_lib_init_fp_trap_1                  0x08000127   Thumb Code     0  libinit2.o(.ARM.Collect$$libinit$$0000001D)
    __rt_lib_init_getenv_1                   0x08000127   Thumb Code     0  libinit2.o(.ARM.Collect$$libinit$$00000021)
    __rt_lib_init_heap_1                     0x08000127   Thumb Code     0  libinit2.o(.ARM.Collect$$libinit$$00000008)
    __rt_lib_init_lc_collate_1               0x08000127   Thumb Code     0  libinit2.o(.ARM.Collect$$libinit$$0000000F)
    __rt_lib_init_lc_ctype_1                 0x08000127   Thumb Code     0  libinit2.o(.ARM.Collect$$libinit$$00000011)
    __rt_lib_init_lc_monetary_1              0x08000127   Thumb Code     0  libinit2.o(.ARM.Collect$$libinit$$00000013)
    __rt_lib_init_lc_numeric_1               0x08000127   Thumb Code     0  libinit2.o(.ARM.Collect$$libinit$$00000015)
    __rt_lib_init_lc_time_1                  0x08000127   Thumb Code     0  libinit2.o(.ARM.Collect$$libinit$$00000017)
    __rt_lib_init_rand_1                     0x08000127   Thumb Code     0  libinit2.o(.ARM.Collect$$libinit$$0000000C)
    __rt_lib_init_signal_1                   0x08000127   Thumb Code     0  libinit2.o(.ARM.Collect$$libinit$$0000001B)
    __rt_lib_init_stdio_1                    0x08000127   Thumb Code     0  libinit2.o(.ARM.Collect$$libinit$$00000023)
    __rt_lib_init_user_alloc_1               0x08000127   Thumb Code     0  libinit2.o(.ARM.Collect$$libinit$$0000000A)
    __rt_lib_init_cpp_1                      0x0800012b   Thumb Code     0  libinit2.o(.ARM.Collect$$libinit$$00000030)
    __rt_lib_init_return                     0x0800012b   Thumb Code     0  libinit2.o(.ARM.Collect$$libinit$$00000031)
    __rt_lib_shutdown                        0x0800012d   Thumb Code     0  libshutdown.o(.ARM.Collect$$libshutdown$$00000000)
    __rt_lib_shutdown_fp_trap_1              0x0800012f   Thumb Code     0  libshutdown2.o(.ARM.Collect$$libshutdown$$00000006)
    __rt_lib_shutdown_heap_1                 0x0800012f   Thumb Code     0  libshutdown2.o(.ARM.Collect$$libshutdown$$0000000E)
    __rt_lib_shutdown_return                 0x0800012f   Thumb Code     0  libshutdown2.o(.ARM.Collect$$libshutdown$$0000000F)
    __rt_lib_shutdown_signal_1               0x0800012f   Thumb Code     0  libshutdown2.o(.ARM.Collect$$libshutdown$$00000009)
    __rt_lib_shutdown_stdio_1                0x0800012f   Thumb Code     0  libshutdown2.o(.ARM.Collect$$libshutdown$$00000003)
    __rt_lib_shutdown_user_alloc_1           0x0800012f   Thumb Code     0  libshutdown2.o(.ARM.Collect$$libshutdown$$0000000B)
    __rt_entry                               0x08000131   Thumb Code     0  rtentry.o(.ARM.Collect$$rtentry$$00000000)
    __rt_entry_presh_1                       0x08000131   Thumb Code     0  rtentry2.o(.ARM.Collect$$rtentry$$00000002)
    __rt_entry_sh                            0x08000131   Thumb Code     0  rtentry4.o(.ARM.Collect$$rtentry$$00000004)
    __rt_entry_li                            0x08000137   Thumb Code     0  rtentry2.o(.ARM.Collect$$rtentry$$0000000A)
    __rt_entry_postsh_1                      0x08000137   Thumb Code     0  rtentry2.o(.ARM.Collect$$rtentry$$00000009)
    __rt_entry_main                          0x0800013b   Thumb Code     0  rtentry2.o(.ARM.Collect$$rtentry$$0000000D)
    __rt_entry_postli_1                      0x0800013b   Thumb Code     0  rtentry2.o(.ARM.Collect$$rtentry$$0000000C)
    __rt_exit                                0x08000143   Thumb Code     0  rtexit.o(.ARM.Collect$$rtexit$$00000000)
    __rt_exit_ls                             0x08000145   Thumb Code     0  rtexit2.o(.ARM.Collect$$rtexit$$00000003)
    __rt_exit_prels_1                        0x08000145   Thumb Code     0  rtexit2.o(.ARM.Collect$$rtexit$$00000002)
    __rt_exit_exit                           0x08000149   Thumb Code     0  rtexit2.o(.ARM.Collect$$rtexit$$00000004)
    NMI_Handler                              0x08000151   Thumb Code     2  stm32f0xx_it.o(.text)
    HardFault_Handler                        0x08000153   Thumb Code     4  stm32f0xx_it.o(.text)
    SVC_Handler                              0x08000157   Thumb Code     2  stm32f0xx_it.o(.text)
    PendSV_Handler                           0x08000159   Thumb Code     2  stm32f0xx_it.o(.text)
    SysTick_Handler                          0x0800015b   Thumb Code    44  stm32f0xx_it.o(.text)
    Reset_Handler                            0x08000191   Thumb Code     8  startup_stm32f0xx.o(.text)
    ADC1_COMP_IRQHandler                     0x080001a3   Thumb Code     0  startup_stm32f0xx.o(.text)
    CEC_IRQHandler                           0x080001a3   Thumb Code     0  startup_stm32f0xx.o(.text)
    DMA1_Channel1_IRQHandler                 0x080001a3   Thumb Code     0  startup_stm32f0xx.o(.text)
    DMA1_Channel2_3_IRQHandler               0x080001a3   Thumb Code     0  startup_stm32f0xx.o(.text)
    DMA1_Channel4_5_IRQHandler               0x080001a3   Thumb Code     0  startup_stm32f0xx.o(.text)
    FLASH_IRQHandler                         0x080001a3   Thumb Code     0  startup_stm32f0xx.o(.text)
    PVD_IRQHandler                           0x080001a3   Thumb Code     0  startup_stm32f0xx.o(.text)
    RCC_IRQHandler                           0x080001a3   Thumb Code     0  startup_stm32f0xx.o(.text)
    RTC_IRQHandler                           0x080001a3   Thumb Code     0  startup_stm32f0xx.o(.text)
    SPI1_IRQHandler                          0x080001a3   Thumb Code     0  startup_stm32f0xx.o(.text)
    SPI2_IRQHandler                          0x080001a3   Thumb Code     0  startup_stm32f0xx.o(.text)
    TIM1_CC_IRQHandler                       0x080001a3   Thumb Code     0  startup_stm32f0xx.o(.text)
    WWDG_IRQHandler                          0x080001a3   Thumb Code     0  startup_stm32f0xx.o(.text)
    __user_initial_stackheap                 0x080001a5   Thumb Code     0  startup_stm32f0xx.o(.text)
    SystemInit                               0x0800023f   Thumb Code   110  system_stm32f0xx.o(.text)
    SystemCoreClockUpdate                    0x080002ad   Thumb Code   154  system_stm32f0xx.o(.text)
    EXTI_DeInit                              0x08000369   Thumb Code    20  stm32f0xx_exti.o(.text)
    EXTI_Init                                0x0800037d   Thumb Code   132  stm32f0xx_exti.o(.text)
    EXTI_StructInit                          0x08000401   Thumb Code    16  stm32f0xx_exti.o(.text)
    EXTI_GenerateSWInterrupt                 0x08000411   Thumb Code    12  stm32f0xx_exti.o(.text)
    EXTI_GetFlagStatus                       0x0800041d   Thumb Code    22  stm32f0xx_exti.o(.text)
    EXTI_ClearFlag                           0x08000433   Thumb Code     6  stm32f0xx_exti.o(.text)
    EXTI_GetITStatus                         0x08000439   Thumb Code    36  stm32f0xx_exti.o(.text)
    EXTI_ClearITPendingBit                   0x0800045d   Thumb Code     6  stm32f0xx_exti.o(.text)
    GPIO_DeInit                              0x08000471   Thumb Code   132  stm32f0xx_gpio.o(.text)
    GPIO_Init                                0x080004f5   Thumb Code   144  stm32f0xx_gpio.o(.text)
    GPIO_StructInit                          0x08000585   Thumb Code    20  stm32f0xx_gpio.o(.text)
    GPIO_PinLockConfig                       0x08000599   Thumb Code    34  stm32f0xx_gpio.o(.text)
    GPIO_ReadInputDataBit                    0x080005bb   Thumb Code    20  stm32f0xx_gpio.o(.text)
    GPIO_ReadInputData                       0x080005cf   Thumb Code     6  stm32f0xx_gpio.o(.text)
    GPIO_ReadOutputDataBit                   0x080005d5   Thumb Code    20  stm32f0xx_gpio.o(.text)
    GPIO_ReadOutputData                      0x080005e9   Thumb Code     6  stm32f0xx_gpio.o(.text)
    GPIO_SetBits                             0x080005ef   Thumb Code     4  stm32f0xx_gpio.o(.text)
    GPIO_ResetBits                           0x080005f3   Thumb Code     4  stm32f0xx_gpio.o(.text)
    GPIO_WriteBit                            0x080005f7   Thumb Code    12  stm32f0xx_gpio.o(.text)
    GPIO_Write                               0x08000603   Thumb Code     4  stm32f0xx_gpio.o(.text)
    GPIO_PinAFConfig                         0x08000607   Thumb Code    68  stm32f0xx_gpio.o(.text)
    I2C_DeInit                               0x08000661   Thumb Code    50  stm32f0xx_i2c.o(.text)
    I2C_Init                                 0x08000693   Thumb Code    98  stm32f0xx_i2c.o(.text)
    I2C_StructInit                           0x080006f5   Thumb Code    24  stm32f0xx_i2c.o(.text)
    I2C_Cmd                                  0x0800070d   Thumb Code    24  stm32f0xx_i2c.o(.text)
    I2C_SoftwareResetCmd                     0x08000725   Thumb Code    28  stm32f0xx_i2c.o(.text)
    I2C_ITConfig                             0x08000741   Thumb Code    20  stm32f0xx_i2c.o(.text)
    I2C_StretchClockCmd                      0x08000755   Thumb Code    28  stm32f0xx_i2c.o(.text)
    I2C_StopModeCmd                          0x08000771   Thumb Code    28  stm32f0xx_i2c.o(.text)
    I2C_DualAddressCmd                       0x0800078d   Thumb Code    28  stm32f0xx_i2c.o(.text)
    I2C_OwnAddress2Config                    0x080007a9   Thumb Code    32  stm32f0xx_i2c.o(.text)
    I2C_GeneralCallCmd                       0x080007c9   Thumb Code    28  stm32f0xx_i2c.o(.text)
    I2C_SlaveByteControlCmd                  0x080007e5   Thumb Code    28  stm32f0xx_i2c.o(.text)
    I2C_SlaveAddressConfig                   0x08000801   Thumb Code    20  stm32f0xx_i2c.o(.text)
    I2C_10BitAddressingModeCmd               0x08000815   Thumb Code    28  stm32f0xx_i2c.o(.text)
    I2C_AutoEndCmd                           0x08000831   Thumb Code    28  stm32f0xx_i2c.o(.text)
    I2C_ReloadCmd                            0x0800084d   Thumb Code    28  stm32f0xx_i2c.o(.text)
    I2C_NumberOfBytesConfig                  0x08000869   Thumb Code    28  stm32f0xx_i2c.o(.text)
    I2C_MasterRequestConfig                  0x08000885   Thumb Code    28  stm32f0xx_i2c.o(.text)
    I2C_GenerateSTART                        0x080008a1   Thumb Code    28  stm32f0xx_i2c.o(.text)
    I2C_GenerateSTOP                         0x080008bd   Thumb Code    28  stm32f0xx_i2c.o(.text)
    I2C_10BitAddressHeaderCmd                0x080008d9   Thumb Code    28  stm32f0xx_i2c.o(.text)
    I2C_AcknowledgeConfig                    0x080008f5   Thumb Code    28  stm32f0xx_i2c.o(.text)
    I2C_GetAddressMatched                    0x08000911   Thumb Code    14  stm32f0xx_i2c.o(.text)
    I2C_GetTransferDirection                 0x0800091f   Thumb Code    30  stm32f0xx_i2c.o(.text)
    I2C_TransferHandling                     0x0800093d   Thumb Code    38  stm32f0xx_i2c.o(.text)
    I2C_SMBusAlertCmd                        0x08000963   Thumb Code    28  stm32f0xx_i2c.o(.text)
    I2C_ClockTimeoutCmd                      0x0800097f   Thumb Code    28  stm32f0xx_i2c.o(.text)
    I2C_ExtendedClockTimeoutCmd              0x0800099b   Thumb Code    26  stm32f0xx_i2c.o(.text)
    I2C_IdleClockTimeoutCmd                  0x080009b5   Thumb Code    28  stm32f0xx_i2c.o(.text)
    I2C_TimeoutAConfig                       0x080009d1   Thumb Code    20  stm32f0xx_i2c.o(.text)
    I2C_TimeoutBConfig                       0x080009e5   Thumb Code    26  stm32f0xx_i2c.o(.text)
    I2C_CalculatePEC                         0x080009ff   Thumb Code    28  stm32f0xx_i2c.o(.text)
    I2C_PECRequestCmd                        0x08000a1b   Thumb Code    28  stm32f0xx_i2c.o(.text)
    I2C_GetPEC                               0x08000a37   Thumb Code     8  stm32f0xx_i2c.o(.text)
    I2C_ReadRegister                         0x08000a3f   Thumb Code    46  stm32f0xx_i2c.o(.text)
    I2C_SendData                             0x08000a6d   Thumb Code     4  stm32f0xx_i2c.o(.text)
    I2C_ReceiveData                          0x08000a71   Thumb Code     8  stm32f0xx_i2c.o(.text)
    I2C_DMACmd                               0x08000a79   Thumb Code    20  stm32f0xx_i2c.o(.text)
    I2C_GetFlagStatus                        0x08000a8d   Thumb Code    28  stm32f0xx_i2c.o(.text)
    I2C_ClearFlag                            0x08000aa9   Thumb Code     4  stm32f0xx_i2c.o(.text)
    I2C_GetITStatus                          0x08000aad   Thumb Code    78  stm32f0xx_i2c.o(.text)
    I2C_ClearITPendingBit                    0x08000afb   Thumb Code     4  stm32f0xx_i2c.o(.text)
    NVIC_Init                                0x08000b01   Thumb Code   106  stm32f0xx_misc.o(.text)
    NVIC_SystemLPConfig                      0x08000b6b   Thumb Code    28  stm32f0xx_misc.o(.text)
    SysTick_CLKSourceConfig                  0x08000b87   Thumb Code    32  stm32f0xx_misc.o(.text)
    PWR_DeInit                               0x08000bb5   Thumb Code    22  stm32f0xx_pwr.o(.text)
    PWR_BackupAccessCmd                      0x08000bcb   Thumb Code    36  stm32f0xx_pwr.o(.text)
    PWR_PVDLevelConfig                       0x08000bef   Thumb Code    28  stm32f0xx_pwr.o(.text)
    PWR_PVDCmd                               0x08000c0b   Thumb Code    32  stm32f0xx_pwr.o(.text)
    PWR_WakeUpPinCmd                         0x08000c2b   Thumb Code    28  stm32f0xx_pwr.o(.text)
    PWR_EnterSleepMode                       0x08000c47   Thumb Code    24  stm32f0xx_pwr.o(.text)
    PWR_EnterSTOPMode                        0x08000c5f   Thumb Code    60  stm32f0xx_pwr.o(.text)
    PWR_EnterSTANDBYMode                     0x08000c9b   Thumb Code    40  stm32f0xx_pwr.o(.text)
    PWR_GetFlagStatus                        0x08000cc3   Thumb Code    22  stm32f0xx_pwr.o(.text)
    PWR_ClearFlag                            0x08000cd9   Thumb Code    14  stm32f0xx_pwr.o(.text)
    RCC_DeInit                               0x08000cf1   Thumb Code   104  stm32f0xx_rcc.o(.text)
    RCC_HSEConfig                            0x08000d59   Thumb Code    12  stm32f0xx_rcc.o(.text)
    RCC_GetFlagStatus                        0x08000d65   Thumb Code    68  stm32f0xx_rcc.o(.text)
    RCC_WaitForHSEStartUp                    0x08000da9   Thumb Code    60  stm32f0xx_rcc.o(.text)
    RCC_AdjustHSICalibrationValue            0x08000de5   Thumb Code    26  stm32f0xx_rcc.o(.text)
    RCC_HSICmd                               0x08000dff   Thumb Code    32  stm32f0xx_rcc.o(.text)
    RCC_AdjustHSI14CalibrationValue          0x08000e1f   Thumb Code    26  stm32f0xx_rcc.o(.text)
    RCC_HSI14Cmd                             0x08000e39   Thumb Code    32  stm32f0xx_rcc.o(.text)
    RCC_HSI14ADCRequestCmd                   0x08000e59   Thumb Code    32  stm32f0xx_rcc.o(.text)
    RCC_LSEConfig                            0x08000e79   Thumb Code    34  stm32f0xx_rcc.o(.text)
    RCC_LSEDriveConfig                       0x08000e9b   Thumb Code    22  stm32f0xx_rcc.o(.text)
    RCC_LSICmd                               0x08000eb1   Thumb Code    32  stm32f0xx_rcc.o(.text)
    RCC_PLLConfig                            0x08000ed1   Thumb Code    30  stm32f0xx_rcc.o(.text)
    RCC_PLLCmd                               0x08000eef   Thumb Code    36  stm32f0xx_rcc.o(.text)
    RCC_PREDIV1Config                        0x08000f13   Thumb Code    24  stm32f0xx_rcc.o(.text)
    RCC_ClockSecuritySystemCmd               0x08000f2b   Thumb Code    36  stm32f0xx_rcc.o(.text)
    RCC_MCOConfig                            0x08000f4f   Thumb Code     6  stm32f0xx_rcc.o(.text)
    RCC_SYSCLKConfig                         0x08000f55   Thumb Code    24  stm32f0xx_rcc.o(.text)
    RCC_GetSYSCLKSource                      0x08000f6d   Thumb Code    10  stm32f0xx_rcc.o(.text)
    RCC_HCLKConfig                           0x08000f77   Thumb Code    28  stm32f0xx_rcc.o(.text)
    RCC_PCLKConfig                           0x08000f93   Thumb Code    30  stm32f0xx_rcc.o(.text)
    RCC_ADCCLKConfig                         0x08000fb1   Thumb Code    52  stm32f0xx_rcc.o(.text)
    RCC_CECCLKConfig                         0x08000fe5   Thumb Code    22  stm32f0xx_rcc.o(.text)
    RCC_I2CCLKConfig                         0x08000ffb   Thumb Code    22  stm32f0xx_rcc.o(.text)
    RCC_USARTCLKConfig                       0x08001011   Thumb Code    22  stm32f0xx_rcc.o(.text)
    RCC_GetClocksFreq                        0x08001027   Thumb Code   368  stm32f0xx_rcc.o(.text)
    RCC_RTCCLKConfig                         0x08001197   Thumb Code    12  stm32f0xx_rcc.o(.text)
    RCC_RTCCLKCmd                            0x080011a3   Thumb Code    36  stm32f0xx_rcc.o(.text)
    RCC_BackupResetCmd                       0x080011c7   Thumb Code    36  stm32f0xx_rcc.o(.text)
    RCC_AHBPeriphClockCmd                    0x080011eb   Thumb Code    28  stm32f0xx_rcc.o(.text)
    RCC_APB2PeriphClockCmd                   0x08001207   Thumb Code    28  stm32f0xx_rcc.o(.text)
    RCC_APB1PeriphClockCmd                   0x08001223   Thumb Code    28  stm32f0xx_rcc.o(.text)
    RCC_AHBPeriphResetCmd                    0x0800123f   Thumb Code    28  stm32f0xx_rcc.o(.text)
    RCC_APB2PeriphResetCmd                   0x0800125b   Thumb Code    28  stm32f0xx_rcc.o(.text)
    RCC_APB1PeriphResetCmd                   0x08001277   Thumb Code    28  stm32f0xx_rcc.o(.text)
    RCC_ITConfig                             0x08001293   Thumb Code    28  stm32f0xx_rcc.o(.text)
    RCC_ClearFlag                            0x080012af   Thumb Code    16  stm32f0xx_rcc.o(.text)
    RCC_GetITStatus                          0x080012bf   Thumb Code    22  stm32f0xx_rcc.o(.text)
    RCC_ClearITPendingBit                    0x080012d5   Thumb Code     6  stm32f0xx_rcc.o(.text)
    SYSCFG_DeInit                            0x080012e9   Thumb Code    40  stm32f0xx_syscfg.o(.text)
    SYSCFG_MemoryRemapConfig                 0x08001311   Thumb Code    24  stm32f0xx_syscfg.o(.text)
    SYSCFG_DMAChannelRemapConfig             0x08001329   Thumb Code    28  stm32f0xx_syscfg.o(.text)
    SYSCFG_I2CFastModePlusConfig             0x08001345   Thumb Code    28  stm32f0xx_syscfg.o(.text)
    SYSCFG_EXTILineConfig                    0x08001361   Thumb Code    66  stm32f0xx_syscfg.o(.text)
    SYSCFG_BreakConfig                       0x080013a3   Thumb Code    12  stm32f0xx_syscfg.o(.text)
    SYSCFG_GetFlagStatus                     0x080013af   Thumb Code    26  stm32f0xx_syscfg.o(.text)
    SYSCFG_ClearFlag                         0x080013c9   Thumb Code    12  stm32f0xx_syscfg.o(.text)
    TIM_DeInit                               0x080013d9   Thumb Code   204  stm32f0xx_tim.o(.text)
    TIM_TimeBaseInit                         0x080014a5   Thumb Code    90  stm32f0xx_tim.o(.text)
    TIM_TimeBaseStructInit                   0x080014ff   Thumb Code    18  stm32f0xx_tim.o(.text)
    TIM_PrescalerConfig                      0x08001511   Thumb Code     6  stm32f0xx_tim.o(.text)
    TIM_CounterModeConfig                    0x08001517   Thumb Code    20  stm32f0xx_tim.o(.text)
    TIM_SetCounter                           0x0800152b   Thumb Code     4  stm32f0xx_tim.o(.text)
    TIM_SetAutoreload                        0x0800152f   Thumb Code     4  stm32f0xx_tim.o(.text)
    TIM_GetCounter                           0x08001533   Thumb Code     6  stm32f0xx_tim.o(.text)
    TIM_GetPrescaler                         0x08001539   Thumb Code     6  stm32f0xx_tim.o(.text)
    TIM_UpdateDisableConfig                  0x0800153f   Thumb Code    26  stm32f0xx_tim.o(.text)
    TIM_UpdateRequestConfig                  0x08001559   Thumb Code    26  stm32f0xx_tim.o(.text)
    TIM_ARRPreloadConfig                     0x08001573   Thumb Code    26  stm32f0xx_tim.o(.text)
    TIM_SelectOnePulseMode                   0x0800158d   Thumb Code    18  stm32f0xx_tim.o(.text)
    TIM_SetClockDivision                     0x0800159f   Thumb Code    16  stm32f0xx_tim.o(.text)
    TIM_Cmd                                  0x080015af   Thumb Code    26  stm32f0xx_tim.o(.text)
    TIM_BDTRConfig                           0x080015c9   Thumb Code    32  stm32f0xx_tim.o(.text)
    TIM_BDTRStructInit                       0x080015e9   Thumb Code    18  stm32f0xx_tim.o(.text)
    TIM_CtrlPWMOutputs                       0x080015fb   Thumb Code    34  stm32f0xx_tim.o(.text)
    TIM_OC1Init                              0x0800161d   Thumb Code   122  stm32f0xx_tim.o(.text)
    TIM_OC2Init                              0x08001697   Thumb Code   132  stm32f0xx_tim.o(.text)
    TIM_OC3Init                              0x0800171b   Thumb Code   124  stm32f0xx_tim.o(.text)
    TIM_OC4Init                              0x08001797   Thumb Code   150  stm32f0xx_tim.o(.text)
    TIM_OCStructInit                         0x0800182d   Thumb Code    20  stm32f0xx_tim.o(.text)
    TIM_SelectOCxM                           0x08001841   Thumb Code    82  stm32f0xx_tim.o(.text)
    TIM_SetCompare1                          0x08001893   Thumb Code     4  stm32f0xx_tim.o(.text)
    TIM_SetCompare2                          0x08001897   Thumb Code     4  stm32f0xx_tim.o(.text)
    TIM_SetCompare3                          0x0800189b   Thumb Code     4  stm32f0xx_tim.o(.text)
    TIM_SetCompare4                          0x0800189f   Thumb Code     4  stm32f0xx_tim.o(.text)
    TIM_ForcedOC1Config                      0x080018a3   Thumb Code    20  stm32f0xx_tim.o(.text)
    TIM_ForcedOC2Config                      0x080018b7   Thumb Code    20  stm32f0xx_tim.o(.text)
    TIM_ForcedOC3Config                      0x080018cb   Thumb Code    20  stm32f0xx_tim.o(.text)
    TIM_ForcedOC4Config                      0x080018df   Thumb Code    20  stm32f0xx_tim.o(.text)
    TIM_CCPreloadControl                     0x080018f3   Thumb Code    26  stm32f0xx_tim.o(.text)
    TIM_OC1PreloadConfig                     0x0800190d   Thumb Code    22  stm32f0xx_tim.o(.text)
    TIM_OC2PreloadConfig                     0x08001923   Thumb Code    20  stm32f0xx_tim.o(.text)
    TIM_OC3PreloadConfig                     0x08001937   Thumb Code    22  stm32f0xx_tim.o(.text)
    TIM_OC4PreloadConfig                     0x0800194d   Thumb Code    20  stm32f0xx_tim.o(.text)
    TIM_OC1FastConfig                        0x08001961   Thumb Code    22  stm32f0xx_tim.o(.text)
    TIM_OC2FastConfig                        0x08001977   Thumb Code    20  stm32f0xx_tim.o(.text)
    TIM_OC3FastConfig                        0x0800198b   Thumb Code    22  stm32f0xx_tim.o(.text)
    TIM_OC4FastConfig                        0x080019a1   Thumb Code    20  stm32f0xx_tim.o(.text)
    TIM_ClearOC1Ref                          0x080019b5   Thumb Code    22  stm32f0xx_tim.o(.text)
    TIM_ClearOC2Ref                          0x080019cb   Thumb Code    20  stm32f0xx_tim.o(.text)
    TIM_ClearOC3Ref                          0x080019df   Thumb Code    22  stm32f0xx_tim.o(.text)
    TIM_ClearOC4Ref                          0x080019f5   Thumb Code    20  stm32f0xx_tim.o(.text)
    TIM_OC1PolarityConfig                    0x08001a09   Thumb Code    22  stm32f0xx_tim.o(.text)
    TIM_OC1NPolarityConfig                   0x08001a1f   Thumb Code    22  stm32f0xx_tim.o(.text)
    TIM_OC2PolarityConfig                    0x08001a35   Thumb Code    22  stm32f0xx_tim.o(.text)
    TIM_OC2NPolarityConfig                   0x08001a4b   Thumb Code    22  stm32f0xx_tim.o(.text)
    TIM_OC3PolarityConfig                    0x08001a61   Thumb Code    20  stm32f0xx_tim.o(.text)
    TIM_OC3NPolarityConfig                   0x08001a75   Thumb Code    20  stm32f0xx_tim.o(.text)
    TIM_OC4PolarityConfig                    0x08001a89   Thumb Code    20  stm32f0xx_tim.o(.text)
    TIM_SelectOCREFClear                     0x08001a9d   Thumb Code    18  stm32f0xx_tim.o(.text)
    TIM_CCxCmd                               0x08001aaf   Thumb Code    30  stm32f0xx_tim.o(.text)
    TIM_CCxNCmd                              0x08001acd   Thumb Code    30  stm32f0xx_tim.o(.text)
    TIM_SelectCOM                            0x08001aeb   Thumb Code    26  stm32f0xx_tim.o(.text)
    TIM_SetIC4Prescaler                      0x08001b05   Thumb Code    20  stm32f0xx_tim.o(.text)
    TIM_SetIC3Prescaler                      0x08001b5b   Thumb Code    18  stm32f0xx_tim.o(.text)
    TIM_SetIC2Prescaler                      0x08001baf   Thumb Code    20  stm32f0xx_tim.o(.text)
    TIM_SetIC1Prescaler                      0x08001c39   Thumb Code    16  stm32f0xx_tim.o(.text)
    TIM_ICInit                               0x08001c7f   Thumb Code   112  stm32f0xx_tim.o(.text)
    TIM_ICStructInit                         0x08001cef   Thumb Code    18  stm32f0xx_tim.o(.text)
    TIM_PWMIConfig                           0x08001d01   Thumb Code   124  stm32f0xx_tim.o(.text)
    TIM_GetCapture1                          0x08001d7d   Thumb Code     6  stm32f0xx_tim.o(.text)
    TIM_GetCapture2                          0x08001d83   Thumb Code     6  stm32f0xx_tim.o(.text)
    TIM_GetCapture3                          0x08001d89   Thumb Code     6  stm32f0xx_tim.o(.text)
    TIM_GetCapture4                          0x08001d8f   Thumb Code     6  stm32f0xx_tim.o(.text)
    TIM_ITConfig                             0x08001d95   Thumb Code    20  stm32f0xx_tim.o(.text)
    TIM_GenerateEvent                        0x08001da9   Thumb Code     4  stm32f0xx_tim.o(.text)
    TIM_GetFlagStatus                        0x08001dad   Thumb Code    20  stm32f0xx_tim.o(.text)
    TIM_ClearFlag                            0x08001dc1   Thumb Code     6  stm32f0xx_tim.o(.text)
    TIM_GetITStatus                          0x08001dc7   Thumb Code    38  stm32f0xx_tim.o(.text)
    TIM_ClearITPendingBit                    0x08001ded   Thumb Code     6  stm32f0xx_tim.o(.text)
    TIM_DMAConfig                            0x08001df3   Thumb Code    12  stm32f0xx_tim.o(.text)
    TIM_DMACmd                               0x08001dff   Thumb Code    20  stm32f0xx_tim.o(.text)
    TIM_SelectCCDMA                          0x08001e13   Thumb Code    26  stm32f0xx_tim.o(.text)
    TIM_InternalClockConfig                  0x08001e2d   Thumb Code    12  stm32f0xx_tim.o(.text)
    TIM_SelectInputTrigger                   0x08001e39   Thumb Code    22  stm32f0xx_tim.o(.text)
    TIM_ITRxExternalClockConfig              0x08001e4f   Thumb Code    24  stm32f0xx_tim.o(.text)
    TIM_TIxExternalClockConfig               0x08001e67   Thumb Code    58  stm32f0xx_tim.o(.text)
    TIM_ETRConfig                            0x08001ea1   Thumb Code    24  stm32f0xx_tim.o(.text)
    TIM_ETRClockMode1Config                  0x08001eb9   Thumb Code    48  stm32f0xx_tim.o(.text)
    TIM_ETRClockMode2Config                  0x08001ee9   Thumb Code    34  stm32f0xx_tim.o(.text)
    TIM_SelectOutputTrigger                  0x08001f0b   Thumb Code    18  stm32f0xx_tim.o(.text)
    TIM_SelectSlaveMode                      0x08001f1d   Thumb Code    18  stm32f0xx_tim.o(.text)
    TIM_SelectMasterSlaveMode                0x08001f2f   Thumb Code    18  stm32f0xx_tim.o(.text)
    TIM_EncoderInterfaceConfig               0x08001f41   Thumb Code    60  stm32f0xx_tim.o(.text)
    TIM_SelectHallSensor                     0x08001f7d   Thumb Code    26  stm32f0xx_tim.o(.text)
    TIM_RemapConfig                          0x08001f97   Thumb Code     6  stm32f0xx_tim.o(.text)
    USART_DeInit                             0x08001fa5   Thumb Code    56  stm32f0xx_usart.o(.text)
    USART_Init                               0x08001fdd   Thumb Code   202  stm32f0xx_usart.o(.text)
    USART_StructInit                         0x080020a7   Thumb Code    24  stm32f0xx_usart.o(.text)
    USART_ClockInit                          0x080020bf   Thumb Code    36  stm32f0xx_usart.o(.text)
    USART_ClockStructInit                    0x080020e3   Thumb Code    12  stm32f0xx_usart.o(.text)
    USART_Cmd                                0x080020ef   Thumb Code    24  stm32f0xx_usart.o(.text)
    USART_DirectionModeCmd                   0x08002107   Thumb Code    20  stm32f0xx_usart.o(.text)
    USART_OverSampling8Cmd                   0x0800211b   Thumb Code    28  stm32f0xx_usart.o(.text)
    USART_OneBitMethodCmd                    0x08002137   Thumb Code    28  stm32f0xx_usart.o(.text)
    USART_MSBFirstCmd                        0x08002153   Thumb Code    28  stm32f0xx_usart.o(.text)
    USART_DataInvCmd                         0x0800216f   Thumb Code    28  stm32f0xx_usart.o(.text)
    USART_InvPinCmd                          0x0800218b   Thumb Code    20  stm32f0xx_usart.o(.text)
    USART_SWAPPinCmd                         0x0800219f   Thumb Code    28  stm32f0xx_usart.o(.text)
    USART_ReceiverTimeOutCmd                 0x080021bb   Thumb Code    28  stm32f0xx_usart.o(.text)
    USART_SetReceiverTimeOut                 0x080021d7   Thumb Code    16  stm32f0xx_usart.o(.text)
    USART_SetPrescaler                       0x080021e7   Thumb Code    18  stm32f0xx_usart.o(.text)
    USART_STOPModeCmd                        0x080021f9   Thumb Code    24  stm32f0xx_usart.o(.text)
    USART_StopModeWakeUpSourceConfig         0x08002211   Thumb Code    18  stm32f0xx_usart.o(.text)
    USART_AutoBaudRateCmd                    0x08002223   Thumb Code    28  stm32f0xx_usart.o(.text)
    USART_AutoBaudRateConfig                 0x0800223f   Thumb Code    18  stm32f0xx_usart.o(.text)
    USART_SendData                           0x08002251   Thumb Code     8  stm32f0xx_usart.o(.text)
    USART_ReceiveData                        0x08002259   Thumb Code    10  stm32f0xx_usart.o(.text)
    USART_SetAddress                         0x08002263   Thumb Code    18  stm32f0xx_usart.o(.text)
    USART_MuteModeCmd                        0x08002275   Thumb Code    28  stm32f0xx_usart.o(.text)
    USART_MuteModeWakeUpConfig               0x08002291   Thumb Code    18  stm32f0xx_usart.o(.text)
    USART_AddressDetectionConfig             0x080022a3   Thumb Code    16  stm32f0xx_usart.o(.text)
    USART_LINBreakDetectLengthConfig         0x080022b3   Thumb Code    16  stm32f0xx_usart.o(.text)
    USART_LINCmd                             0x080022c3   Thumb Code    28  stm32f0xx_usart.o(.text)
    USART_HalfDuplexCmd                      0x080022df   Thumb Code    24  stm32f0xx_usart.o(.text)
    USART_SetGuardTime                       0x080022f7   Thumb Code    16  stm32f0xx_usart.o(.text)
    USART_SmartCardCmd                       0x08002307   Thumb Code    24  stm32f0xx_usart.o(.text)
    USART_SmartCardNACKCmd                   0x0800231f   Thumb Code    24  stm32f0xx_usart.o(.text)
    USART_SetAutoRetryCount                  0x08002337   Thumb Code    20  stm32f0xx_usart.o(.text)
    USART_SetBlockLength                     0x0800234b   Thumb Code    18  stm32f0xx_usart.o(.text)
    USART_IrDAConfig                         0x0800235d   Thumb Code    16  stm32f0xx_usart.o(.text)
    USART_IrDACmd                            0x0800236d   Thumb Code    40  stm32f0xx_usart.o(.text)
    USART_DECmd                              0x08002395   Thumb Code    28  stm32f0xx_usart.o(.text)
    USART_DEPolarityConfig                   0x080023b1   Thumb Code    18  stm32f0xx_usart.o(.text)
    USART_SetDEAssertionTime                 0x080023c3   Thumb Code    20  stm32f0xx_usart.o(.text)
    USART_SetDEDeassertionTime               0x080023d7   Thumb Code    20  stm32f0xx_usart.o(.text)
    USART_DMACmd                             0x080023eb   Thumb Code    20  stm32f0xx_usart.o(.text)
    USART_DMAReceptionErrorConfig            0x080023ff   Thumb Code    18  stm32f0xx_usart.o(.text)
    USART_ITConfig                           0x08002411   Thumb Code    66  stm32f0xx_usart.o(.text)
    USART_RequestCmd                         0x08002453   Thumb Code    20  stm32f0xx_usart.o(.text)
    USART_OverrunDetectionConfig             0x08002467   Thumb Code    18  stm32f0xx_usart.o(.text)
    USART_GetFlagStatus                      0x08002479   Thumb Code    20  stm32f0xx_usart.o(.text)
    USART_ClearFlag                          0x0800248d   Thumb Code     4  stm32f0xx_usart.o(.text)
    USART_GetITStatus                        0x08002491   Thumb Code    78  stm32f0xx_usart.o(.text)
    USART_ClearITPendingBit                  0x080024df   Thumb Code    18  stm32f0xx_usart.o(.text)
    Systick_Init()                           0x080024f1   Thumb Code    54  systick.o(.text)
    Delay(unsigned)                          0x080025a9   Thumb Code    20  delay.o(.text)
    TimingDelay_Decrement()                  0x080025bd   Thumb Code    20  delay.o(.text)
    EXTI0_1_IRQHandler                       0x080025d5   Thumb Code    64  digital.o(.text)
    EXTI2_3_IRQHandler                       0x08002615   Thumb Code    64  digital.o(.text)
    EXTI4_15_IRQHandler                      0x08002655   Thumb Code   396  digital.o(.text)
    DigitalIn::DigitalIn(GPIO_common)        0x080027e1   Thumb Code   140  digital.o(.text)
    DigitalIn::DigitalIn__sub_object(GPIO_common) 0x080027e1   Thumb Code     0  digital.o(.text)
    DigitalIn::mode(GPIOPuPd_TypeDef)        0x0800286d   Thumb Code    32  digital.o(.text)
    DigitalIn::read()                        0x0800288d   Thumb Code    32  digital.o(.text)
    DigitalIn::operator int()                0x080028ad   Thumb Code    32  digital.o(.text)
    DigitalOut::DigitalOut(GPIO_common)      0x080028cd   Thumb Code   144  digital.o(.text)
    DigitalOut::DigitalOut__sub_object(GPIO_common) 0x080028cd   Thumb Code     0  digital.o(.text)
    DigitalOut::DigitalOut(GPIO_common, GPIOOType_TypeDef) 0x0800295d   Thumb Code   174  digital.o(.text)
    DigitalOut::DigitalOut__sub_object(GPIO_common, GPIOOType_TypeDef) 0x0800295d   Thumb Code     0  digital.o(.text)
    DigitalOut::write(int)                   0x08002a0b   Thumb Code    20  digital.o(.text)
    DigitalOut::read()                       0x08002a1f   Thumb Code    22  digital.o(.text)
    DigitalOut::operator =(int)              0x08002a35   Thumb Code    18  digital.o(.text)
    DigitalOut::operator int()               0x08002a47   Thumb Code    12  digital.o(.text)
    InterruptIn::InterruptIn(GPIO_common)    0x08002a53   Thumb Code   310  digital.o(.text)
    InterruptIn::InterruptIn__sub_object(GPIO_common) 0x08002a53   Thumb Code     0  digital.o(.text)
    InterruptIn::rise(void(*)())             0x08002b89   Thumb Code    46  digital.o(.text)
    InterruptIn::fall(void(*)())             0x08002bb7   Thumb Code    46  digital.o(.text)
    InterruptIn::mode(GPIOPuPd_TypeDef)      0x08002be5   Thumb Code    32  digital.o(.text)
    TIM1_BRK_UP_TRG_COM_IRQHandler           0x08002c1d   Thumb Code   174  timer.o(.text)
    TIM2_IRQHandler                          0x08002ccb   Thumb Code   174  timer.o(.text)
    TIM3_IRQHandler                          0x08002d79   Thumb Code   174  timer.o(.text)
    TIM6_DAC_IRQHandler                      0x08002e27   Thumb Code    38  timer.o(.text)
    TIM14_IRQHandler                         0x08002e4d   Thumb Code    72  timer.o(.text)
    TIM15_IRQHandler                         0x08002e95   Thumb Code   106  timer.o(.text)
    TIM16_IRQHandler                         0x08002eff   Thumb Code    72  timer.o(.text)
    TIM17_IRQHandler                         0x08002f47   Thumb Code    72  timer.o(.text)
    Ticker::Ticker(TIM_TypeDef*)             0x08002f8f   Thumb Code   442  timer.o(.text)
    Ticker::Ticker__sub_object(TIM_TypeDef*) 0x08002f8f   Thumb Code     0  timer.o(.text)
    Ticker::attach(void(*)(), int)           0x08003149   Thumb Code    88  timer.o(.text)
    Ticker::attach_us(void(*)(), int)        0x080031a1   Thumb Code    82  timer.o(.text)
    Ticker::detach()                         0x080031f3   Thumb Code    10  timer.o(.text)
    TimeOut::TimeOut(TIM_TypeDef*)           0x080031fd   Thumb Code   398  timer.o(.text)
    TimeOut::TimeOut__sub_object(TIM_TypeDef*) 0x080031fd   Thumb Code     0  timer.o(.text)
    TimeOut::attach(void(*)(), int)          0x0800338b   Thumb Code    82  timer.o(.text)
    TimeOut::attach_us(void(*)(), int)       0x080033dd   Thumb Code   124  timer.o(.text)
    TimeOut::detach()                        0x08003459   Thumb Code    22  timer.o(.text)
    TimeOut::start()                         0x0800346f   Thumb Code    22  timer.o(.text)
    Timer::Timer(TIM_TypeDef*)               0x08003485   Thumb Code   212  timer.o(.text)
    Timer::Timer__sub_object(TIM_TypeDef*)   0x08003485   Thumb Code     0  timer.o(.text)
    Timer::start()                           0x08003559   Thumb Code    14  timer.o(.text)
    Timer::stop()                            0x08003567   Thumb Code    14  timer.o(.text)
    Timer::reset()                           0x08003575   Thumb Code    14  timer.o(.text)
    Timer::read()                            0x08003583   Thumb Code    20  timer.o(.text)
    Timer::read_ms()                         0x08003597   Thumb Code    22  timer.o(.text)
    Timer::read_us()                         0x080035ad   Thumb Code    12  timer.o(.text)
    PwmOut::PwmOut(GPIO_common, int, TIM_common) 0x080035b9   Thumb Code   568  timer.o(.text)
    PwmOut::PwmOut__sub_object(GPIO_common, int, TIM_common) 0x080035b9   Thumb Code     0  timer.o(.text)
    PwmOut::enable_irq()                     0x080037f1   Thumb Code   258  timer.o(.text)
    PwmOut::attach(void(*)())                0x080038f3   Thumb Code    20  timer.o(.text)
    PwmOut::detach()                         0x08003907   Thumb Code    10  timer.o(.text)
    PwmOut::write(float)                     0x08003911   Thumb Code   142  timer.o(.text)
    PwmOut::freq(int)                        0x0800399f   Thumb Code    98  timer.o(.text)
    PwmOut::operator =(float)                0x08003a01   Thumb Code    18  timer.o(.text)
    PwmOut::read()                           0x08003a13   Thumb Code     6  timer.o(.text)
    PwmOut::operator float()                 0x08003a19   Thumb Code    12  timer.o(.text)
    Serial::receive()                        0x08003a3d   Thumb Code    52  serial.o(.text)
    USART1_IRQHandler                        0x08003a71   Thumb Code    86  serial.o(.text)
    USART2_IRQHandler                        0x08003ac7   Thumb Code    86  serial.o(.text)
    Serial::Serial(USART_TypeDef*, GPIO_common, GPIO_common, GPIO_common) 0x08003b1d   Thumb Code   806  serial.o(.text)
    Serial::Serial__sub_object(USART_TypeDef*, GPIO_common, GPIO_common, GPIO_common) 0x08003b1d   Thumb Code     0  serial.o(.text)
    Serial::Serial(USART_TypeDef*, GPIO_common, char) 0x08003e43   Thumb Code   510  serial.o(.text)
    Serial::Serial__sub_object(USART_TypeDef*, GPIO_common, char) 0x08003e43   Thumb Code     0  serial.o(.text)
    Serial::baud(int)                        0x08004041   Thumb Code    90  serial.o(.text)
    Serial::timeout(char)                    0x0800409b   Thumb Code    10  serial.o(.text)
    Serial::write(char*, int)                0x080040a5   Thumb Code    96  serial.o(.text)
    Serial::write_b(char*, int)              0x08004105   Thumb Code   110  serial.o(.text)
    Serial::read(char*)                      0x08004173   Thumb Code   134  serial.o(.text)
    Serial::busy()                           0x080041f9   Thumb Code    48  serial.o(.text)
    I2C1_IRQHandler                          0x0800426d   Thumb Code   156  i2c.o(.text)
    I2C2_IRQHandler                          0x08004309   Thumb Code   156  i2c.o(.text)
    I2C::I2C(I2C_TypeDef*, GPIO_common, GPIO_common) 0x080043a5   Thumb Code   552  i2c.o(.text)
    I2C::I2C__sub_object(I2C_TypeDef*, GPIO_common, GPIO_common) 0x080043a5   Thumb Code     0  i2c.o(.text)
    I2C::read(char, char*, char)             0x080045cd   Thumb Code   192  i2c.o(.text)
    I2C::write(char, char*, char)            0x0800468d   Thumb Code    98  i2c.o(.text)
    I2C::write_b(char, char*, char)          0x080046ef   Thumb Code   108  i2c.o(.text)
    TS_IRQHandler                            0x0800475d   Thumb Code   114  touch.o(.text)
    GetGroupAndChannel                       0x080047cf   Thumb Code   316  touch.o(.text)
    Touch::Touch(GPIO_common, GPIO_common)   0x0800490b   Thumb Code   646  touch.o(.text)
    Touch::Touch__sub_object(GPIO_common, GPIO_common) 0x0800490b   Thumb Code     0  touch.o(.text)
    Touch::start_acq()                       0x08004b91   Thumb Code    28  touch.o(.text)
    Touch::calibrate()                       0x08004bad   Thumb Code    38  touch.o(.text)
    Touch::get_value()                       0x08004bd3   Thumb Code     8  touch.o(.text)
    Touch::pressed()                         0x08004bdb   Thumb Code    58  touch.o(.text)
    Touch::set_auto_acq(char)                0x08004c15   Thumb Code     6  touch.o(.text)
    Power::Power()                           0x08004ca9   Thumb Code    16  power.o(.text)
    Power::Power__sub_object()               0x08004ca9   Thumb Code     0  power.o(.text)
    Power::stop()                            0x08004cb9   Thumb Code    18  power.o(.text)
    Power::standby(char)                     0x08004ccb   Thumb Code    40  power.o(.text)
    main                                     0x08004cf5   Thumb Code    70  main.o(.text)
    __aeabi_uidiv                            0x08004d5d   Thumb Code     0  aeabi_sdiv.o(.text)
    __aeabi_uidivmod                         0x08004d5d   Thumb Code    20  aeabi_sdiv.o(.text)
    __aeabi_idiv                             0x08004d71   Thumb Code     0  aeabi_sdiv.o(.text)
    __aeabi_idivmod                          0x08004d71   Thumb Code   326  aeabi_sdiv.o(.text)
    __use_two_region_memory                  0x08004eb7   Thumb Code     2  heapauxi.o(.text)
    __rt_heap_escrow$2region                 0x08004eb9   Thumb Code     2  heapauxi.o(.text)
    __rt_heap_expand$2region                 0x08004ebb   Thumb Code     2  heapauxi.o(.text)
    __cpp_initialize__aeabi_                 0x08004ebd   Thumb Code    26  init_aeabi.o(.text)
    __aeabi_i2d_normalise                    0x08004ee1   Thumb Code    66  dflti.o(.text)
    __aeabi_i2d                              0x08004f23   Thumb Code    16  dflti.o(.text)
    _dflt                                    0x08004f23   Thumb Code     0  dflti.o(.text)
    __aeabi_ui2d                             0x08004f33   Thumb Code     6  dflti.o(.text)
    _dfltu                                   0x08004f33   Thumb Code     0  dflti.o(.text)
    __aeabi_dmul                             0x08004f39   Thumb Code     0  dmul.o(.text)
    _dmul                                    0x08004f39   Thumb Code   592  dmul.o(.text)
    __aeabi_fdiv                             0x080051a1   Thumb Code     0  fdiv.o(.text)
    _fdiv                                    0x080051a1   Thumb Code   336  fdiv.o(.text)
    _frdiv                                   0x080052f1   Thumb Code     8  fdiv.o(.text)
    __aeabi_f2iz                             0x08005301   Thumb Code     0  ffixi.o(.text)
    _ffix                                    0x08005301   Thumb Code    76  ffixi.o(.text)
    __aeabi_i2f_normalise                    0x0800534d   Thumb Code    72  fflti.o(.text)
    __aeabi_i2f                              0x08005395   Thumb Code    16  fflti.o(.text)
    _fflt                                    0x08005395   Thumb Code     0  fflti.o(.text)
    __aeabi_ui2f                             0x080053a5   Thumb Code     6  fflti.o(.text)
    _ffltu                                   0x080053a5   Thumb Code     0  fflti.o(.text)
    __fpl_dcmp_InfNaN                        0x080053ad   Thumb Code   140  dcmpin.o(.text)
    __fpl_fcmp_InfNaN                        0x0800543d   Thumb Code    96  fcmpin.o(.text)
    __fpl_cmpreturn                          0x080054a1   Thumb Code    44  cmpret.o(.text)
    __fpl_dcheck_NaN2                        0x080054d1   Thumb Code    14  dnan2.o(.text)
    __fpl_fcheck_NaN2                        0x080054e5   Thumb Code    10  fnan2.o(.text)
    __user_setup_stackheap                   0x080054f5   Thumb Code    62  sys_stackheap_outer.o(.text)
    exit                                     0x08005533   Thumb Code    12  exit.o(.text)
    __fpl_return_NaN                         0x0800553f   Thumb Code    94  retnan.o(.text)
    __user_libspace                          0x0800559d   Thumb Code     8  libspace.o(.text)
    __user_perproc_libspace                  0x0800559d   Thumb Code     0  libspace.o(.text)
    __user_perthread_libspace                0x0800559d   Thumb Code     0  libspace.o(.text)
    _sys_exit                                0x080055a5   Thumb Code     8  sys_exit.o(.text)
    __I$use$semihosting                      0x080055b1   Thumb Code     0  use_no_semi.o(.text)
    __use_no_semihosting_swi                 0x080055b1   Thumb Code     2  use_no_semi.o(.text)
    __decompress                             0x080055b3   Thumb Code     0  __dclz77c.o(.text)
    __decompress2                            0x080055b3   Thumb Code    96  __dclz77c.o(.text)
    __semihosting_library_function           0x080055b3   Thumb Code     0  indicate_semi.o(.text)
    __aeabi_cdcmple                          0x08005615   Thumb Code     0  dlef.o(x$fpl$dleqf)
    _dcmple                                  0x08005615   Thumb Code    94  dlef.o(x$fpl$dleqf)
    __aeabi_fadd                             0x08005679   Thumb Code     0  faddsub.o(x$fpl$fadd)
    _fadd                                    0x08005679   Thumb Code   134  faddsub.o(x$fpl$fadd)
    __aeabi_cfcmple                          0x08005705   Thumb Code     0  flef.o(x$fpl$fleqf)
    _fcmple                                  0x08005705   Thumb Code    78  flef.o(x$fpl$fleqf)
    __aeabi_fmul                             0x08005759   Thumb Code     0  fmul.o(x$fpl$fmul)
    _fmul                                    0x08005759   Thumb Code   172  fmul.o(x$fpl$fmul)
    __aeabi_cfrcmple                         0x08005809   Thumb Code     0  frlef.o(x$fpl$frleqf)
    _frcmple                                 0x08005809   Thumb Code    84  frlef.o(x$fpl$frleqf)
    __aeabi_fsub                             0x08005861   Thumb Code     0  faddsub.o(x$fpl$fsub)
    _fsub                                    0x08005861   Thumb Code   204  faddsub.o(x$fpl$fsub)
    __I$use$fp                               0x08005930   Number         0  usenofp.o(x$fpl$usenofp)
    Region$$Table$$Base                      0x08005970   Number         0  anon$$obj.o(Region$$Table)
    Region$$Table$$Limit                     0x08005990   Number         0  anon$$obj.o(Region$$Table)
    SHT$$INIT_ARRAY$$Base                    0x08005990   Number         0  main.o(.init_array)
    SHT$$INIT_ARRAY$$Limit                   0x08005994   Number         0  init_aeabi.o(.init_array)
    SystemCoreClock                          0x20000000   Data           4  system_stm32f0xx.o(.data)
    AHBPrescTable                            0x20000004   Data          16  system_stm32f0xx.o(.data)
    PA0                                      0x20000024   Data          12  common.o(.data)
    PA1                                      0x20000030   Data          12  common.o(.data)
    PA2                                      0x2000003c   Data          12  common.o(.data)
    PA3                                      0x20000048   Data          12  common.o(.data)
    PA4                                      0x20000054   Data          12  common.o(.data)
    PA5                                      0x20000060   Data          12  common.o(.data)
    PA6                                      0x2000006c   Data          12  common.o(.data)
    PA7                                      0x20000078   Data          12  common.o(.data)
    PA8                                      0x20000084   Data          12  common.o(.data)
    PA9                                      0x20000090   Data          12  common.o(.data)
    PA10                                     0x2000009c   Data          12  common.o(.data)
    PA11                                     0x200000a8   Data          12  common.o(.data)
    PA12                                     0x200000b4   Data          12  common.o(.data)
    PA13                                     0x200000c0   Data          12  common.o(.data)
    PA14                                     0x200000cc   Data          12  common.o(.data)
    PA15                                     0x200000d8   Data          12  common.o(.data)
    PB0                                      0x200000e4   Data          12  common.o(.data)
    PB1                                      0x200000f0   Data          12  common.o(.data)
    PB2                                      0x200000fc   Data          12  common.o(.data)
    PB3                                      0x20000108   Data          12  common.o(.data)
    PB4                                      0x20000114   Data          12  common.o(.data)
    PB5                                      0x20000120   Data          12  common.o(.data)
    PB6                                      0x2000012c   Data          12  common.o(.data)
    PB7                                      0x20000138   Data          12  common.o(.data)
    PB8                                      0x20000144   Data          12  common.o(.data)
    PB9                                      0x20000150   Data          12  common.o(.data)
    PB10                                     0x2000015c   Data          12  common.o(.data)
    PB11                                     0x20000168   Data          12  common.o(.data)
    PB12                                     0x20000174   Data          12  common.o(.data)
    PB13                                     0x20000180   Data          12  common.o(.data)
    PB14                                     0x2000018c   Data          12  common.o(.data)
    PB15                                     0x20000198   Data          12  common.o(.data)
    PC0                                      0x200001a4   Data          12  common.o(.data)
    PC1                                      0x200001b0   Data          12  common.o(.data)
    PC2                                      0x200001bc   Data          12  common.o(.data)
    PC3                                      0x200001c8   Data          12  common.o(.data)
    PC4                                      0x200001d4   Data          12  common.o(.data)
    PC5                                      0x200001e0   Data          12  common.o(.data)
    PC6                                      0x200001ec   Data          12  common.o(.data)
    PC7                                      0x200001f8   Data          12  common.o(.data)
    PC8                                      0x20000204   Data          12  common.o(.data)
    PC9                                      0x20000210   Data          12  common.o(.data)
    PC10                                     0x2000021c   Data          12  common.o(.data)
    PC11                                     0x20000228   Data          12  common.o(.data)
    PC12                                     0x20000234   Data          12  common.o(.data)
    PC13                                     0x20000240   Data          12  common.o(.data)
    PC14                                     0x2000024c   Data          12  common.o(.data)
    PC15                                     0x20000258   Data          12  common.o(.data)
    PD2                                      0x20000264   Data          12  common.o(.data)
    PF0                                      0x20000270   Data          12  common.o(.data)
    PF1                                      0x2000027c   Data          12  common.o(.data)
    PF6                                      0x20000288   Data          12  common.o(.data)
    PF7                                      0x20000294   Data          12  common.o(.data)
    TIM1_CH1                                 0x200002a0   Data           8  common.o(.data)
    TIM1_CH2                                 0x200002a8   Data           8  common.o(.data)
    TIM1_CH3                                 0x200002b0   Data           8  common.o(.data)
    TIM1_CH4                                 0x200002b8   Data           8  common.o(.data)
    TIM2_CH1                                 0x200002c0   Data           8  common.o(.data)
    TIM2_CH2                                 0x200002c8   Data           8  common.o(.data)
    TIM2_CH3                                 0x200002d0   Data           8  common.o(.data)
    TIM2_CH4                                 0x200002d8   Data           8  common.o(.data)
    TIM3_CH1                                 0x200002e0   Data           8  common.o(.data)
    TIM3_CH2                                 0x200002e8   Data           8  common.o(.data)
    TIM3_CH3                                 0x200002f0   Data           8  common.o(.data)
    TIM3_CH4                                 0x200002f8   Data           8  common.o(.data)
    TIM14_CH1                                0x20000300   Data           8  common.o(.data)
    TIM15_CH1                                0x20000308   Data           8  common.o(.data)
    TIM15_CH2                                0x20000310   Data           8  common.o(.data)
    TIM16_CH1                                0x20000318   Data           8  common.o(.data)
    TIM17_CH1                                0x20000320   Data           8  common.o(.data)
    timUpdateAttach                          0x2000032c   Data           8  timer.o(.data)
    serial1                                  0x20000334   Data           4  serial.o(.data)
    serial2                                  0x20000338   Data           4  serial.o(.data)
    USART1_usartRxTimer                      0x2000033c   Data           1  serial.o(.data)
    USART1_index                             0x20000340   Data           4  serial.o(.data)
    USART1_length                            0x20000344   Data           4  serial.o(.data)
    USART2_usartRxTimer                      0x20000348   Data           1  serial.o(.data)
    USART2_index                             0x2000034c   Data           4  serial.o(.data)
    USART2_length                            0x20000350   Data           4  serial.o(.data)
    I2C1_busy                                0x20000354   Data           1  i2c.o(.data)
    I2C1_index                               0x20000355   Data           1  i2c.o(.data)
    I2C2_busy                                0x20000356   Data           1  i2c.o(.data)
    I2C2_index                               0x20000357   Data           1  i2c.o(.data)
    auto_acq                                 0x20000358   Data           1  touch.o(.data)
    acq_flag                                 0x20000359   Data           1  touch.o(.data)
    Touch::tsc_flag                          0x2000035a   Data           1  touch.o(.data)
    power                                    0x2000035b   Data           1  main.o(.data)
    externalInterruptAttach                  0x2000035c   Data          16  digital.o(.bss)
    ExternalInterruptPin                     0x2000036c   Data          64  digital.o(.bss)
    TimUpdateInterrupt                       0x200003ac   Data          32  timer.o(.bss)
    timCCAttach                              0x200003cc   Data          17  timer.o(.bss)
    TimCCInterrupt                           0x200003e0   Data          68  timer.o(.bss)
    USART1_TxBuffer                          0x20000424   Data         512  serial.o(.bss)
    USART2_TxBuffer                          0x20000624   Data         512  serial.o(.bss)
    I2C1_buffer                              0x20000824   Data          64  i2c.o(.bss)
    I2C2_buffer                              0x20000864   Data          64  i2c.o(.bss)
    value_G                                  0x200008a4   Data          24  touch.o(.bss)
    led1                                     0x200008bc   Data          12  main.o(.bss)
    __libspace_start                         0x200008c8   Data          96  libspace.o(.bss)
    __temporary_stack_top$libspace           0x20000928   Data           0  libspace.o(.bss)



==============================================================================

Memory Map of the image

  Image Entry point : 0x080000c1

  Load Region LR_IROM1 (Base: 0x08000000, Size: 0x00005cf0, Max: 0x00010000, ABSOLUTE, COMPRESSED[0x00005acc])

    Execution Region ER_IROM1 (Base: 0x08000000, Size: 0x00005994, Max: 0x00010000, ABSOLUTE)

    Base Addr    Size         Type   Attr      Idx    E Section Name        Object

    0x08000000   0x000000c0   Data   RO          126    RESET               startup_stm32f0xx.o
    0x080000c0   0x00000008   Code   RO          980  * !!!main             c_p.l(__main.o)
    0x080000c8   0x0000003c   Code   RO         1192    !!!scatter          c_p.l(__scatter.o)
    0x08000104   0x0000001c   Code   RO         1194    !!handler_zi        c_p.l(__scatter_zi.o)
    0x08000120   0x00000002   Code   RO         1111    .ARM.Collect$$libinit$$00000000  c_p.l(libinit.o)
    0x08000122   0x00000004   Code   RO         1018    .ARM.Collect$$libinit$$00000001  c_p.l(libinit2.o)
    0x08000126   0x00000000   Code   RO         1022    .ARM.Collect$$libinit$$00000008  c_p.l(libinit2.o)
    0x08000126   0x00000000   Code   RO         1024    .ARM.Collect$$libinit$$0000000A  c_p.l(libinit2.o)
    0x08000126   0x00000000   Code   RO         1026    .ARM.Collect$$libinit$$0000000C  c_p.l(libinit2.o)
    0x08000126   0x00000000   Code   RO         1029    .ARM.Collect$$libinit$$0000000F  c_p.l(libinit2.o)
    0x08000126   0x00000000   Code   RO         1031    .ARM.Collect$$libinit$$00000011  c_p.l(libinit2.o)
    0x08000126   0x00000000   Code   RO         1033    .ARM.Collect$$libinit$$00000013  c_p.l(libinit2.o)
    0x08000126   0x00000000   Code   RO         1035    .ARM.Collect$$libinit$$00000015  c_p.l(libinit2.o)
    0x08000126   0x00000000   Code   RO         1037    .ARM.Collect$$libinit$$00000017  c_p.l(libinit2.o)
    0x08000126   0x00000000   Code   RO         1039    .ARM.Collect$$libinit$$00000019  c_p.l(libinit2.o)
    0x08000126   0x00000000   Code   RO         1041    .ARM.Collect$$libinit$$0000001B  c_p.l(libinit2.o)
    0x08000126   0x00000000   Code   RO         1043    .ARM.Collect$$libinit$$0000001D  c_p.l(libinit2.o)
    0x08000126   0x00000000   Code   RO         1045    .ARM.Collect$$libinit$$0000001F  c_p.l(libinit2.o)
    0x08000126   0x00000000   Code   RO         1047    .ARM.Collect$$libinit$$00000021  c_p.l(libinit2.o)
    0x08000126   0x00000000   Code   RO         1049    .ARM.Collect$$libinit$$00000023  c_p.l(libinit2.o)
    0x08000126   0x00000000   Code   RO         1053    .ARM.Collect$$libinit$$0000002A  c_p.l(libinit2.o)
    0x08000126   0x00000000   Code   RO         1055    .ARM.Collect$$libinit$$0000002C  c_p.l(libinit2.o)
    0x08000126   0x00000000   Code   RO         1057    .ARM.Collect$$libinit$$0000002E  c_p.l(libinit2.o)
    0x08000126   0x00000004   Code   RO         1058    .ARM.Collect$$libinit$$0000002F  c_p.l(libinit2.o)
    0x0800012a   0x00000000   Code   RO         1059    .ARM.Collect$$libinit$$00000030  c_p.l(libinit2.o)
    0x0800012a   0x00000002   Code   RO         1060    .ARM.Collect$$libinit$$00000031  c_p.l(libinit2.o)
    0x0800012c   0x00000002   Code   RO         1158    .ARM.Collect$$libshutdown$$00000000  c_p.l(libshutdown.o)
    0x0800012e   0x00000000   Code   RO         1175    .ARM.Collect$$libshutdown$$00000003  c_p.l(libshutdown2.o)
    0x0800012e   0x00000000   Code   RO         1178    .ARM.Collect$$libshutdown$$00000006  c_p.l(libshutdown2.o)
    0x0800012e   0x00000000   Code   RO         1181    .ARM.Collect$$libshutdown$$00000009  c_p.l(libshutdown2.o)
    0x0800012e   0x00000000   Code   RO         1183    .ARM.Collect$$libshutdown$$0000000B  c_p.l(libshutdown2.o)
    0x0800012e   0x00000000   Code   RO         1186    .ARM.Collect$$libshutdown$$0000000E  c_p.l(libshutdown2.o)
    0x0800012e   0x00000002   Code   RO         1187    .ARM.Collect$$libshutdown$$0000000F  c_p.l(libshutdown2.o)
    0x08000130   0x00000000   Code   RO         1013    .ARM.Collect$$rtentry$$00000000  c_p.l(rtentry.o)
    0x08000130   0x00000000   Code   RO         1067    .ARM.Collect$$rtentry$$00000002  c_p.l(rtentry2.o)
    0x08000130   0x00000006   Code   RO         1079    .ARM.Collect$$rtentry$$00000004  c_p.l(rtentry4.o)
    0x08000136   0x00000000   Code   RO         1069    .ARM.Collect$$rtentry$$00000009  c_p.l(rtentry2.o)
    0x08000136   0x00000004   Code   RO         1070    .ARM.Collect$$rtentry$$0000000A  c_p.l(rtentry2.o)
    0x0800013a   0x00000000   Code   RO         1072    .ARM.Collect$$rtentry$$0000000C  c_p.l(rtentry2.o)
    0x0800013a   0x00000008   Code   RO         1073    .ARM.Collect$$rtentry$$0000000D  c_p.l(rtentry2.o)
    0x08000142   0x00000002   Code   RO         1120    .ARM.Collect$$rtexit$$00000000  c_p.l(rtexit.o)
    0x08000144   0x00000000   Code   RO         1140    .ARM.Collect$$rtexit$$00000002  c_p.l(rtexit2.o)
    0x08000144   0x00000004   Code   RO         1141    .ARM.Collect$$rtexit$$00000003  c_p.l(rtexit2.o)
    0x08000148   0x00000006   Code   RO         1142    .ARM.Collect$$rtexit$$00000004  c_p.l(rtexit2.o)
    0x0800014e   0x00000002   PAD
    0x08000150   0x00000040   Code   RO            3    .text               stm32f0xx_it.o
    0x08000190   0x00000038   Code   RO          127    .text               startup_stm32f0xx.o
    0x080001c8   0x000001a0   Code   RO          133    .text               system_stm32f0xx.o
    0x08000368   0x00000108   Code   RO          307    .text               stm32f0xx_exti.o
    0x08000470   0x000001f0   Code   RO          349    .text               stm32f0xx_gpio.o
    0x08000660   0x0000049e   Code   RO          370    .text               stm32f0xx_i2c.o
    0x08000afe   0x00000002   PAD
    0x08000b00   0x000000b4   Code   RO          412    .text               stm32f0xx_misc.o
    0x08000bb4   0x0000013c   Code   RO          433    .text               stm32f0xx_pwr.o
    0x08000cf0   0x000005f8   Code   RO          454    .text               stm32f0xx_rcc.o
    0x080012e8   0x000000f0   Code   RO          519    .text               stm32f0xx_syscfg.o
    0x080013d8   0x00000bcc   Code   RO          540    .text               stm32f0xx_tim.o
    0x08001fa4   0x0000054c   Code   RO          561    .text               stm32f0xx_usart.o
    0x080024f0   0x000000b8   Code   RO          623    .text               systick.o
    0x080025a8   0x0000002c   Code   RO          653    .text               delay.o
    0x080025d4   0x00000648   Code   RO          707    .text               digital.o
    0x08002c1c   0x00000e20   Code   RO          734    .text               timer.o
    0x08003a3c   0x00000830   Code   RO          762    .text               serial.o
    0x0800426c   0x000004ee   Code   RO          794    .text               i2c.o
    0x0800475a   0x00000002   PAD
    0x0800475c   0x0000054c   Code   RO          845    .text               touch.o
    0x08004ca8   0x0000004a   Code   RO          922    .text               power.o
    0x08004cf2   0x00000002   PAD
    0x08004cf4   0x00000068   Code   RO          945    .text               main.o
    0x08004d5c   0x0000015a   Code   RO          974    .text               c_p.l(aeabi_sdiv.o)
    0x08004eb6   0x00000006   Code   RO          978    .text               c_p.l(heapauxi.o)
    0x08004ebc   0x00000024   Code   RO          985    .text               c_p.l(init_aeabi.o)
    0x08004ee0   0x00000058   Code   RO          988    .text               fz_ps.l(dflti.o)
    0x08004f38   0x00000268   Code   RO          992    .text               fz_ps.l(dmul.o)
    0x080051a0   0x00000160   Code   RO         1000    .text               fz_ps.l(fdiv.o)
    0x08005300   0x0000004c   Code   RO         1003    .text               fz_ps.l(ffixi.o)
    0x0800534c   0x0000005e   Code   RO         1005    .text               fz_ps.l(fflti.o)
    0x080053aa   0x00000002   PAD
    0x080053ac   0x00000090   Code   RO         1061    .text               fz_ps.l(dcmpin.o)
    0x0800543c   0x00000064   Code   RO         1063    .text               fz_ps.l(fcmpin.o)
    0x080054a0   0x00000030   Code   RO         1085    .text               fz_ps.l(cmpret.o)
    0x080054d0   0x00000014   Code   RO         1087    .text               fz_ps.l(dnan2.o)
    0x080054e4   0x00000010   Code   RO         1089    .text               fz_ps.l(fnan2.o)
    0x080054f4   0x0000003e   Code   RO         1093    .text               c_p.l(sys_stackheap_outer.o)
    0x08005532   0x0000000c   Code   RO         1096    .text               c_p.l(exit.o)
    0x0800553e   0x0000005e   Code   RO         1112    .text               fz_ps.l(retnan.o)
    0x0800559c   0x00000008   Code   RO         1116    .text               c_p.l(libspace.o)
    0x080055a4   0x0000000c   Code   RO         1134    .text               c_p.l(sys_exit.o)
    0x080055b0   0x00000002   Code   RO         1136    .text               c_p.l(use_no_semi.o)
    0x080055b2   0x00000000   Code   RO         1138    .text               c_p.l(indicate_semi.o)
    0x080055b2   0x00000060   Code   RO         1190    .text               c_p.l(__dclz77c.o)
    0x08005612   0x00000002   PAD
    0x08005614   0x00000064   Code   RO          990    x$fpl$dleqf         fz_ps.l(dlef.o)
    0x08005678   0x0000008c   Code   RO          994    x$fpl$fadd          fz_ps.l(faddsub.o)
    0x08005704   0x00000054   Code   RO         1007    x$fpl$fleqf         fz_ps.l(flef.o)
    0x08005758   0x000000b0   Code   RO         1009    x$fpl$fmul          fz_ps.l(fmul.o)
    0x08005808   0x00000058   Code   RO         1011    x$fpl$frleqf        fz_ps.l(frlef.o)
    0x08005860   0x000000d0   Code   RO          996    x$fpl$fsub          fz_ps.l(faddsub.o)
    0x08005930   0x00000000   Code   RO         1065    x$fpl$usenofp       fz_ps.l(usenofp.o)
    0x08005930   0x00000040   Data   RO         1001    .constdata          fz_ps.l(fdiv.o)
    0x08005970   0x00000020   Data   RO         1188    Region$$Table       anon$$obj.o
    0x08005990   0x00000004   Data   RO          949    .init_array         main.o
    0x08005994   0x00000000   Data   RO          983    .init_array         c_p.l(init_aeabi.o)


    Execution Region RW_IRAM1 (Base: 0x20000000, Size: 0x00000f28, Max: 0x00002000, ABSOLUTE, COMPRESSED[0x00000138])

    Base Addr    Size         Type   Attr      Idx    E Section Name        Object

    0x20000000   0x00000014   Data   RW          135    .data               system_stm32f0xx.o
    0x20000014   0x00000010   Data   RW          456    .data               stm32f0xx_rcc.o
    0x20000024   0x00000304   Data   RW          603    .data               common.o
    0x20000328   0x00000004   Data   RW          655    .data               delay.o
    0x2000032c   0x00000008   Data   RW          737    .data               timer.o
    0x20000334   0x00000020   Data   RW          765    .data               serial.o
    0x20000354   0x00000004   Data   RW          797    .data               i2c.o
    0x20000358   0x00000003   Data   RW          848    .data               touch.o
    0x2000035b   0x00000001   Data   RW          948    .data               main.o
    0x2000035c   0x00000050   Zero   RW          709    .bss                digital.o
    0x200003ac   0x00000078   Zero   RW          736    .bss                timer.o
    0x20000424   0x00000400   Zero   RW          764    .bss                serial.o
    0x20000824   0x00000080   Zero   RW          796    .bss                i2c.o
    0x200008a4   0x00000018   Zero   RW          847    .bss                touch.o
    0x200008bc   0x0000000c   Zero   RW          947    .bss                main.o
    0x200008c8   0x00000060   Zero   RW         1117    .bss                c_p.l(libspace.o)
    0x20000928   0x00000200   Zero   RW          125    HEAP                startup_stm32f0xx.o
    0x20000b28   0x00000400   Zero   RW          124    STACK               startup_stm32f0xx.o


==============================================================================

Image component sizes


      Code (inc. data)   RO Data    RW Data    ZI Data      Debug   Object Name

         0          0          0        772          0       2694   common.o
        44          4          0          4          0       1070   delay.o
      1608         48          0          0         80       6143   digital.o
      1262         56          0          4        128       4542   i2c.o
       104         14          4          1         12        696   main.o
        74          0          0          0          0       1164   power.o
      2096        140          0         32       1024       6650   serial.o
        56         26        192          0       1536        696   startup_stm32f0xx.o
       264         14          0          0          0       2179   stm32f0xx_exti.o
       496         22          0          0          0       3629   stm32f0xx_gpio.o
      1182         24          0          0          0       9862   stm32f0xx_i2c.o
        64         10          0          0          0     143821   stm32f0xx_it.o
       180         14          0          0          0       1288   stm32f0xx_misc.o
       316         10          0          0          0       2126   stm32f0xx_pwr.o
      1528         42          0         16          0       8442   stm32f0xx_rcc.o
       240          4          0          0          0       1970   stm32f0xx_syscfg.o
      3020        118          0          0          0      22397   stm32f0xx_tim.o
      1356         16          0          0          0      11838   stm32f0xx_usart.o
       416         34          0         20          0       1715   system_stm32f0xx.o
       184         20          0          0          0       6403   systick.o
      3616        182          0          8        120      10345   timer.o
      1356         68          0          3         24      10231   touch.o

    ----------------------------------------------------------------------
     19468        866        228        860       2924     259901   Object Totals
         0          0         32          0          0          0   (incl. Generated)
         6          0          0          0          0          0   (incl. Padding)

    ----------------------------------------------------------------------

      Code (inc. data)   RO Data    RW Data    ZI Data      Debug   Library Member Name

        96          0          0          0          0          0   __dclz77c.o
         8          0          0          0          0         68   __main.o
        60          8          0          0          0          0   __scatter.o
        28          0          0          0          0          0   __scatter_zi.o
       346          0          0          0          0         92   aeabi_sdiv.o
        12          0          0          0          0         64   exit.o
         6          0          0          0          0        136   heapauxi.o
         0          0          0          0          0          0   indicate_semi.o
        36         10          0          0          0         72   init_aeabi.o
         2          0          0          0          0          0   libinit.o
        10          0          0          0          0          0   libinit2.o
         2          0          0          0          0          0   libshutdown.o
         2          0          0          0          0          0   libshutdown2.o
         8          4          0          0         96         68   libspace.o
         0          0          0          0          0          0   rtentry.o
        12          0          0          0          0          0   rtentry2.o
         6          0          0          0          0          0   rtentry4.o
         2          0          0          0          0          0   rtexit.o
        10          0          0          0          0          0   rtexit2.o
        12          4          0          0          0         60   sys_exit.o
        62          0          0          0          0         80   sys_stackheap_outer.o
         2          0          0          0          0         68   use_no_semi.o
        48          4          0          0          0         60   cmpret.o
       144          4          0          0          0         76   dcmpin.o
        88          0          0          0          0         92   dflti.o
       100          4          0          0          0         92   dlef.o
       616         24          0          0          0         84   dmul.o
        20          6          0          0          0         68   dnan2.o
       348          8          0          0          0        160   faddsub.o
       100          4          0          0          0         68   fcmpin.o
       352          8         64          0          0         88   fdiv.o
        76          0          0          0          0         68   ffixi.o
        94          0          0          0          0         92   fflti.o
        84          4          0          0          0         76   flef.o
       176          4          0          0          0         80   fmul.o
        16          6          0          0          0         68   fnan2.o
        88          4          0          0          0         76   frlef.o
        94          0          0          0          0         68   retnan.o
         0          0          0          0          0          0   usenofp.o

    ----------------------------------------------------------------------
      3172        106         64          0         96       2024   Library Totals
         6          0          0          0          0          0   (incl. Padding)

    ----------------------------------------------------------------------

      Code (inc. data)   RO Data    RW Data    ZI Data      Debug   Library Name

       722         26          0          0         96        708   c_p.l
      2444         80         64          0          0       1316   fz_ps.l

    ----------------------------------------------------------------------
      3172        106         64          0         96       2024   Library Totals

    ----------------------------------------------------------------------

==============================================================================


      Code (inc. data)   RO Data    RW Data    ZI Data      Debug   

     22640        972        292        860       3020     259141   Grand Totals
     22640        972        292        312       3020     259141   ELF Image Totals (compressed)
     22640        972        292        312          0          0   ROM Totals

==============================================================================

    Total RO  Size (Code + RO Data)                22932 (  22.39kB)
    Total RW  Size (RW Data + ZI Data)              3880 (   3.79kB)
    Total ROM Size (Code + RO Data + RW Data)      23244 (  22.70kB)

==============================================================================

